Archive member included to satisfy reference by file (symbol)

c:/ac6/systemworkbench/plugins/fr.ac6.mcu.externaltools.arm-none.win32_1.15.0.201708311556/tools/compiler/bin/../lib/gcc/arm-none-eabi/6.3.1/../../../../arm-none-eabi/lib/thumb/v7e-m/fpv4-sp/hard\libm.a(lib_a-s_round.o)
                              Src/gcode.o (round)
c:/ac6/systemworkbench/plugins/fr.ac6.mcu.externaltools.arm-none.win32_1.15.0.201708311556/tools/compiler/bin/../lib/gcc/arm-none-eabi/6.3.1/../../../../arm-none-eabi/lib/thumb/v7e-m/fpv4-sp/hard\libm.a(lib_a-s_trunc.o)
                              Src/gcode.o (trunc)
c:/ac6/systemworkbench/plugins/fr.ac6.mcu.externaltools.arm-none.win32_1.15.0.201708311556/tools/compiler/bin/../lib/gcc/arm-none-eabi/6.3.1/../../../../arm-none-eabi/lib/thumb/v7e-m/fpv4-sp/hard\libm.a(lib_a-w_sqrt.o)
                              Src/gcode.o (sqrt)
c:/ac6/systemworkbench/plugins/fr.ac6.mcu.externaltools.arm-none.win32_1.15.0.201708311556/tools/compiler/bin/../lib/gcc/arm-none-eabi/6.3.1/../../../../arm-none-eabi/lib/thumb/v7e-m/fpv4-sp/hard\libm.a(lib_a-e_sqrt.o)
                              c:/ac6/systemworkbench/plugins/fr.ac6.mcu.externaltools.arm-none.win32_1.15.0.201708311556/tools/compiler/bin/../lib/gcc/arm-none-eabi/6.3.1/../../../../arm-none-eabi/lib/thumb/v7e-m/fpv4-sp/hard\libm.a(lib_a-w_sqrt.o) (__ieee754_sqrt)
c:/ac6/systemworkbench/plugins/fr.ac6.mcu.externaltools.arm-none.win32_1.15.0.201708311556/tools/compiler/bin/../lib/gcc/arm-none-eabi/6.3.1/../../../../arm-none-eabi/lib/thumb/v7e-m/fpv4-sp/hard\libm.a(lib_a-s_lib_ver.o)
                              c:/ac6/systemworkbench/plugins/fr.ac6.mcu.externaltools.arm-none.win32_1.15.0.201708311556/tools/compiler/bin/../lib/gcc/arm-none-eabi/6.3.1/../../../../arm-none-eabi/lib/thumb/v7e-m/fpv4-sp/hard\libm.a(lib_a-w_sqrt.o) (__fdlib_version)
c:/ac6/systemworkbench/plugins/fr.ac6.mcu.externaltools.arm-none.win32_1.15.0.201708311556/tools/compiler/bin/../lib/gcc/arm-none-eabi/6.3.1/../../../../arm-none-eabi/lib/thumb/v7e-m/fpv4-sp/hard\libm.a(lib_a-s_matherr.o)
                              c:/ac6/systemworkbench/plugins/fr.ac6.mcu.externaltools.arm-none.win32_1.15.0.201708311556/tools/compiler/bin/../lib/gcc/arm-none-eabi/6.3.1/../../../../arm-none-eabi/lib/thumb/v7e-m/fpv4-sp/hard\libm.a(lib_a-w_sqrt.o) (matherr)
c:/ac6/systemworkbench/plugins/fr.ac6.mcu.externaltools.arm-none.win32_1.15.0.201708311556/tools/compiler/bin/../lib/gcc/arm-none-eabi/6.3.1/thumb/v7e-m/fpv4-sp/hard\libgcc.a(_arm_addsubdf3.o)
                              Src/gcode.o (__aeabi_dsub)
c:/ac6/systemworkbench/plugins/fr.ac6.mcu.externaltools.arm-none.win32_1.15.0.201708311556/tools/compiler/bin/../lib/gcc/arm-none-eabi/6.3.1/thumb/v7e-m/fpv4-sp/hard\libgcc.a(_arm_muldivdf3.o)
                              Src/gcode.o (__aeabi_dmul)
c:/ac6/systemworkbench/plugins/fr.ac6.mcu.externaltools.arm-none.win32_1.15.0.201708311556/tools/compiler/bin/../lib/gcc/arm-none-eabi/6.3.1/thumb/v7e-m/fpv4-sp/hard\libgcc.a(_arm_cmpdf2.o)
                              c:/ac6/systemworkbench/plugins/fr.ac6.mcu.externaltools.arm-none.win32_1.15.0.201708311556/tools/compiler/bin/../lib/gcc/arm-none-eabi/6.3.1/../../../../arm-none-eabi/lib/thumb/v7e-m/fpv4-sp/hard\libm.a(lib_a-w_sqrt.o) (__aeabi_dcmplt)
c:/ac6/systemworkbench/plugins/fr.ac6.mcu.externaltools.arm-none.win32_1.15.0.201708311556/tools/compiler/bin/../lib/gcc/arm-none-eabi/6.3.1/thumb/v7e-m/fpv4-sp/hard\libgcc.a(_arm_unorddf2.o)
                              c:/ac6/systemworkbench/plugins/fr.ac6.mcu.externaltools.arm-none.win32_1.15.0.201708311556/tools/compiler/bin/../lib/gcc/arm-none-eabi/6.3.1/../../../../arm-none-eabi/lib/thumb/v7e-m/fpv4-sp/hard\libm.a(lib_a-w_sqrt.o) (__aeabi_dcmpun)
c:/ac6/systemworkbench/plugins/fr.ac6.mcu.externaltools.arm-none.win32_1.15.0.201708311556/tools/compiler/bin/../lib/gcc/arm-none-eabi/6.3.1/thumb/v7e-m/fpv4-sp/hard\libgcc.a(_arm_fixunsdfsi.o)
                              Src/gcode.o (__aeabi_d2uiz)
c:/ac6/systemworkbench/plugins/fr.ac6.mcu.externaltools.arm-none.win32_1.15.0.201708311556/tools/compiler/bin/../lib/gcc/arm-none-eabi/6.3.1/thumb/v7e-m/fpv4-sp/hard\libgcc.a(_arm_truncdfsf2.o)
                              Src/gcode.o (__aeabi_d2f)
c:/ac6/systemworkbench/plugins/fr.ac6.mcu.externaltools.arm-none.win32_1.15.0.201708311556/tools/compiler/bin/../lib/gcc/arm-none-eabi/6.3.1/thumb/v7e-m/fpv4-sp/hard\libgcc.a(_aeabi_uldivmod.o)
                              Drivers/STM32F4xx_HAL_Driver/Src/stm32f4xx_hal_rcc.o (__aeabi_uldivmod)
c:/ac6/systemworkbench/plugins/fr.ac6.mcu.externaltools.arm-none.win32_1.15.0.201708311556/tools/compiler/bin/../lib/gcc/arm-none-eabi/6.3.1/thumb/v7e-m/fpv4-sp/hard\libgcc.a(_udivmoddi4.o)
                              c:/ac6/systemworkbench/plugins/fr.ac6.mcu.externaltools.arm-none.win32_1.15.0.201708311556/tools/compiler/bin/../lib/gcc/arm-none-eabi/6.3.1/thumb/v7e-m/fpv4-sp/hard\libgcc.a(_aeabi_uldivmod.o) (__udivmoddi4)
[...]
Memory Configuration

Name             Origin             Length             Attributes
RAM              0x20000000         0x00020000         xrw
CCMRAM           0x10000000         0x00010000         rw
FLASH            0x08000000         0x00100000         xr
*default*        0x00000000         0xffffffff

Linker script and memory map

LOAD c:/ac6/systemworkbench/plugins/fr.ac6.mcu.externaltools.arm-none.win32_1.15.0.201708311556/tools/compiler/bin/../lib/gcc/arm-none-eabi/6.3.1/thumb/v7e-m/fpv4-sp/hard/crti.o
LOAD c:/ac6/systemworkbench/plugins/fr.ac6.mcu.externaltools.arm-none.win32_1.15.0.201708311556/tools/compiler/bin/../lib/gcc/arm-none-eabi/6.3.1/thumb/v7e-m/fpv4-sp/hard/crtbegin.o
LOAD c:/ac6/systemworkbench/plugins/fr.ac6.mcu.externaltools.arm-none.win32_1.15.0.201708311556/tools/compiler/bin/../lib/gcc/arm-none-eabi/6.3.1/../../../../arm-none-eabi/lib/thumb/v7e-m/fpv4-sp/hard/crt0.o
LOAD Drivers/STM32F4xx_HAL_Driver/Src/stm32f4xx_hal.o
LOAD Drivers/STM32F4xx_HAL_Driver/Src/stm32f4xx_hal_cortex.o
LOAD Drivers/STM32F4xx_HAL_Driver/Src/stm32f4xx_hal_dma.o
LOAD Drivers/STM32F4xx_HAL_Driver/Src/stm32f4xx_hal_dma_ex.o
LOAD Drivers/STM32F4xx_HAL_Driver/Src/stm32f4xx_hal_flash.o
LOAD Drivers/STM32F4xx_HAL_Driver/Src/stm32f4xx_hal_flash_ex.o
LOAD Drivers/STM32F4xx_HAL_Driver/Src/stm32f4xx_hal_flash_ramfunc.o
LOAD Drivers/STM32F4xx_HAL_Driver/Src/stm32f4xx_hal_gpio.o
LOAD Drivers/STM32F4xx_HAL_Driver/Src/stm32f4xx_hal_pwr.o
LOAD Drivers/STM32F4xx_HAL_Driver/Src/stm32f4xx_hal_pwr_ex.o
LOAD Drivers/STM32F4xx_HAL_Driver/Src/stm32f4xx_hal_rcc.o
LOAD Drivers/STM32F4xx_HAL_Driver/Src/stm32f4xx_hal_rcc_ex.o
LOAD Drivers/STM32F4xx_HAL_Driver/Src/stm32f4xx_hal_tim.o
LOAD Drivers/STM32F4xx_HAL_Driver/Src/stm32f4xx_hal_tim_ex.o
LOAD Drivers/STM32F4xx_HAL_Driver/Src/stm32f4xx_hal_uart.o
LOAD Middlewares/Third_Party/FreeRTOS/Source/CMSIS_RTOS/cmsis_os.o
LOAD Middlewares/Third_Party/FreeRTOS/Source/croutine.o
LOAD Middlewares/Third_Party/FreeRTOS/Source/event_groups.o
LOAD Middlewares/Third_Party/FreeRTOS/Source/list.o
LOAD Middlewares/Third_Party/FreeRTOS/Source/queue.o
LOAD Middlewares/Third_Party/FreeRTOS/Source/tasks.o
LOAD Middlewares/Third_Party/FreeRTOS/Source/timers.o
LOAD Middlewares/Third_Party/FreeRTOS/Source/portable/GCC/ARM_CM4F/port.o
LOAD Middlewares/Third_Party/FreeRTOS/Source/portable/MemMang/heap_4.o
LOAD Middlewares/Third_Party/FreeRTOS-Plus/Source/FreeRTOS-Plus-CLI/FreeRTOS_CLI.o
LOAD Middlewares/Third_Party/microrl/src/microrl.o
LOAD Src/freertos.o
LOAD Src/gcode.o
LOAD Src/gpio.o
LOAD Src/main.o
LOAD Src/serial.o
LOAD Src/shell-cmds.o
LOAD Src/shell-core.o
LOAD Src/stm32f4xx_hal_msp.o
LOAD Src/stm32f4xx_hal_timebase_TIM.o
LOAD Src/stm32f4xx_it.o
LOAD Src/system_stm32f4xx.o
LOAD Src/usart.o
LOAD startup/startup_stm32f407xx.o
LOAD c:/ac6/systemworkbench/plugins/fr.ac6.mcu.externaltools.arm-none.win32_1.15.0.201708311556/tools/compiler/bin/../lib/gcc/arm-none-eabi/6.3.1/../../../../arm-none-eabi/lib/thumb/v7e-m/fpv4-sp/hard\libm.a
START GROUP
LOAD c:/ac6/systemworkbench/plugins/fr.ac6.mcu.externaltools.arm-none.win32_1.15.0.201708311556/tools/compiler/bin/../lib/gcc/arm-none-eabi/6.3.1/thumb/v7e-m/fpv4-sp/hard\libgcc.a
LOAD c:/ac6/systemworkbench/plugins/fr.ac6.mcu.externaltools.arm-none.win32_1.15.0.201708311556/tools/compiler/bin/../lib/gcc/arm-none-eabi/6.3.1/../../../../arm-none-eabi/lib/thumb/v7e-m/fpv4-sp/hard\libc_nano.a
END GROUP
START GROUP
LOAD c:/ac6/systemworkbench/plugins/fr.ac6.mcu.externaltools.arm-none.win32_1.15.0.201708311556/tools/compiler/bin/../lib/gcc/arm-none-eabi/6.3.1/thumb/v7e-m/fpv4-sp/hard\libgcc.a
LOAD c:/ac6/systemworkbench/plugins/fr.ac6.mcu.externaltools.arm-none.win32_1.15.0.201708311556/tools/compiler/bin/../lib/gcc/arm-none-eabi/6.3.1/../../../../arm-none-eabi/lib/thumb/v7e-m/fpv4-sp/hard\libc_nano.a
LOAD c:/ac6/systemworkbench/plugins/fr.ac6.mcu.externaltools.arm-none.win32_1.15.0.201708311556/tools/compiler/bin/../lib/gcc/arm-none-eabi/6.3.1/../../../../arm-none-eabi/lib/thumb/v7e-m/fpv4-sp/hard\libnosys.a
END GROUP
START GROUP
LOAD c:/ac6/systemworkbench/plugins/fr.ac6.mcu.externaltools.arm-none.win32_1.15.0.201708311556/tools/compiler/bin/../lib/gcc/arm-none-eabi/6.3.1/thumb/v7e-m/fpv4-sp/hard\libgcc.a
LOAD c:/ac6/systemworkbench/plugins/fr.ac6.mcu.externaltools.arm-none.win32_1.15.0.201708311556/tools/compiler/bin/../lib/gcc/arm-none-eabi/6.3.1/../../../../arm-none-eabi/lib/thumb/v7e-m/fpv4-sp/hard\libc_nano.a
LOAD c:/ac6/systemworkbench/plugins/fr.ac6.mcu.externaltools.arm-none.win32_1.15.0.201708311556/tools/compiler/bin/../lib/gcc/arm-none-eabi/6.3.1/../../../../arm-none-eabi/lib/thumb/v7e-m/fpv4-sp/hard\libnosys.a
END GROUP
LOAD c:/ac6/systemworkbench/plugins/fr.ac6.mcu.externaltools.arm-none.win32_1.15.0.201708311556/tools/compiler/bin/../lib/gcc/arm-none-eabi/6.3.1/thumb/v7e-m/fpv4-sp/hard/crtend.o
LOAD c:/ac6/systemworkbench/plugins/fr.ac6.mcu.externaltools.arm-none.win32_1.15.0.201708311556/tools/compiler/bin/../lib/gcc/arm-none-eabi/6.3.1/thumb/v7e-m/fpv4-sp/hard/crtn.o
                0x20020000                _estack = 0x20020000
                0x00002000                _Min_Heap_Size = 0x2000
                0x00004000                _Min_Stack_Size = 0x4000

.isr_vector     0x08000000      0x188
                0x08000000                . = ALIGN (0x4)
 *(.isr_vector)
 .isr_vector    0x08000000      0x188 startup/startup_stm32f407xx.o
                0x08000000                g_pfnVectors
                0x08000188                . = ALIGN (0x4)

.text           0x08000190     0x6ca0
                0x08000190                . = ALIGN (0x4)
 *(.text)
 .text          0x08000190       0x6c c:/ac6/systemworkbench/plugins/fr.ac6.mcu.externaltools.arm-none.win32_1.15.0.201708311556/tools/compiler/bin/../lib/gcc/arm-none-eabi/6.3.1/thumb/v7e-m/fpv4-sp/hard/crtbegin.o
 .text          0x080001fc      0x370 c:/ac6/systemworkbench/plugins/fr.ac6.mcu.externaltools.arm-none.win32_1.15.0.201708311556/tools/compiler/bin/../lib/gcc/arm-none-eabi/6.3.1/thumb/v7e-m/fpv4-sp/hard\libgcc.a(_arm_addsubdf3.o)
                0x080001fc                __aeabi_drsub
                0x08000204                __aeabi_dsub
                0x08000204                __subdf3
                0x08000208                __aeabi_dadd
                0x08000208                __adddf3
                0x08000480                __floatunsidf
                0x08000480                __aeabi_ui2d
                0x080004a0                __floatsidf
                0x080004a0                __aeabi_i2d
                0x080004c4                __aeabi_f2d
                0x080004c4                __extendsfdf2
                0x08000500                __floatundidf
                0x08000500                __aeabi_ul2d
                0x08000510                __floatdidf
                0x08000510                __aeabi_l2d
 .text          0x0800056c      0x424 c:/ac6/systemworkbench/plugins/fr.ac6.mcu.externaltools.arm-none.win32_1.15.0.201708311556/tools/compiler/bin/../lib/gcc/arm-none-eabi/6.3.1/thumb/v7e-m/fpv4-sp/hard\libgcc.a(_arm_muldivdf3.o)
                0x0800056c                __aeabi_dmul
                0x0800056c                __muldf3
                0x080007c0                __divdf3
                0x080007c0                __aeabi_ddiv
 .text          0x08000990      0x110 c:/ac6/systemworkbench/plugins/fr.ac6.mcu.externaltools.arm-none.win32_1.15.0.201708311556/tools/compiler/bin/../lib/gcc/arm-none-eabi/6.3.1/thumb/v7e-m/fpv4-sp/hard\libgcc.a(_arm_cmpdf2.o)
                0x08000990                __gtdf2
                0x08000990                __gedf2
                0x08000998                __ltdf2
                0x08000998                __ledf2
                0x080009a0                __nedf2
                0x080009a0                __eqdf2
                0x080009a0                __cmpdf2
                0x08000a1c                __aeabi_cdrcmple
                0x08000a2c                __aeabi_cdcmpeq
                0x08000a2c                __aeabi_cdcmple
                0x08000a3c                __aeabi_dcmpeq
                0x08000a50                __aeabi_dcmplt
                0x08000a64                __aeabi_dcmple
                0x08000a78                __aeabi_dcmpge
                0x08000a8c                __aeabi_dcmpgt
 .text          0x08000aa0       0x2c c:/ac6/systemworkbench/plugins/fr.ac6.mcu.externaltools.arm-none.win32_1.15.0.201708311556/tools/compiler/bin/../lib/gcc/arm-none-eabi/6.3.1/thumb/v7e-m/fpv4-sp/hard\libgcc.a(_arm_unorddf2.o)
                0x08000aa0                __unorddf2
                0x08000aa0                __aeabi_dcmpun
 .text          0x08000acc       0x40 c:/ac6/systemworkbench/plugins/fr.ac6.mcu.externaltools.arm-none.win32_1.15.0.201708311556/tools/compiler/bin/../lib/gcc/arm-none-eabi/6.3.1/thumb/v7e-m/fpv4-sp/hard\libgcc.a(_arm_fixunsdfsi.o)
                0x08000acc                __aeabi_d2uiz
                0x08000acc                __fixunsdfsi
 .text          0x08000b0c       0xa0 c:/ac6/systemworkbench/plugins/fr.ac6.mcu.externaltools.arm-none.win32_1.15.0.201708311556/tools/compiler/bin/../lib/gcc/arm-none-eabi/6.3.1/thumb/v7e-m/fpv4-sp/hard\libgcc.a(_arm_truncdfsf2.o)
                0x08000b0c                __truncdfsf2
                0x08000b0c                __aeabi_d2f
 .text          0x08000bac       0x30 c:/ac6/systemworkbench/plugins/fr.ac6.mcu.externaltools.arm-none.win32_1.15.0.201708311556/tools/compiler/bin/../lib/gcc/arm-none-eabi/6.3.1/thumb/v7e-m/fpv4-sp/hard\libgcc.a(_aeabi_uldivmod.o)
                0x08000bac                __aeabi_uldivmod
 .text          0x08000bdc      0x2dc c:/ac6/systemworkbench/plugins/fr.ac6.mcu.externaltools.arm-none.win32_1.15.0.201708311556/tools/compiler/bin/../lib/gcc/arm-none-eabi/6.3.1/thumb/v7e-m/fpv4-sp/hard\libgcc.a(_udivmoddi4.o)
                0x08000bdc                __udivmoddi4
 .text          0x08000eb8        0x4 c:/ac6/systemworkbench/plugins/fr.ac6.mcu.externaltools.arm-none.win32_1.15.0.201708311556/tools/compiler/bin/../lib/gcc/arm-none-eabi/6.3.1/thumb/v7e-m/fpv4-sp/hard\libgcc.a(_dvmd_tls.o)
                0x08000eb8                __aeabi_idiv0
                0x08000eb8                __aeabi_ldiv0
 .text          0x08000ebc       0x10 c:/ac6/systemworkbench/plugins/fr.ac6.mcu.externaltools.arm-none.win32_1.15.0.201708311556/tools/compiler/bin/../lib/gcc/arm-none-eabi/6.3.1/../../../../arm-none-eabi/lib/thumb/v7e-m/fpv4-sp/hard\libc_nano.a(lib_a-strlen.o)
                0x08000ebc                strlen
 *fill*         0x08000ecc        0x4 
 .text          0x08000ed0       0xa0 c:/ac6/systemworkbench/plugins/fr.ac6.mcu.externaltools.arm-none.win32_1.15.0.201708311556/tools/compiler/bin/../lib/gcc/arm-none-eabi/6.3.1/../../../../arm-none-eabi/lib/thumb/v7e-m/fpv4-sp/hard\libc_nano.a(lib_a-memchr.o)
                0x08000ed0                memchr
 *(.text*)
 .text.HAL_Init
                0x08000f70       0x34 Drivers/STM32F4xx_HAL_Driver/Src/stm32f4xx_hal.o
                0x08000f70                HAL_Init
 .text.HAL_IncTick
                0x08000fa4       0x18 Drivers/STM32F4xx_HAL_Driver/Src/stm32f4xx_hal.o
                0x08000fa4                HAL_IncTick
 .text.HAL_GetTick
                0x08000fbc        0xc Drivers/STM32F4xx_HAL_Driver/Src/stm32f4xx_hal.o
                0x08000fbc                HAL_GetTick
 .text.HAL_NVIC_SetPriorityGrouping
                0x08000fc8       0x24 Drivers/STM32F4xx_HAL_Driver/Src/stm32f4xx_hal_cortex.o
                0x08000fc8                HAL_NVIC_SetPriorityGrouping
 .text.HAL_NVIC_SetPriority
                0x08000fec       0x64 Drivers/STM32F4xx_HAL_Driver/Src/stm32f4xx_hal_cortex.o
                0x08000fec                HAL_NVIC_SetPriority
 .text.HAL_NVIC_EnableIRQ
                0x08001050       0x18 Drivers/STM32F4xx_HAL_Driver/Src/stm32f4xx_hal_cortex.o
                0x08001050                HAL_NVIC_EnableIRQ
 .text.HAL_SYSTICK_Config
                0x08001068       0x2c Drivers/STM32F4xx_HAL_Driver/Src/stm32f4xx_hal_cortex.o
                0x08001068                HAL_SYSTICK_Config
 .text.HAL_SYSTICK_CLKSourceConfig
                0x08001094       0x20 Drivers/STM32F4xx_HAL_Driver/Src/stm32f4xx_hal_cortex.o
                0x08001094                HAL_SYSTICK_CLKSourceConfig
 .text.HAL_DMA_Abort_IT
                0x080010b4       0x26 Drivers/STM32F4xx_HAL_Driver/Src/stm32f4xx_hal_dma.o
                0x080010b4                HAL_DMA_Abort_IT
 *fill*         0x080010da        0x2 
 .text.HAL_GPIO_Init
                0x080010dc      0x1cc Drivers/STM32F4xx_HAL_Driver/Src/stm32f4xx_hal_gpio.o
                0x080010dc                HAL_GPIO_Init
 .text.HAL_GPIO_ReadPin
                0x080012a8        0xe Drivers/STM32F4xx_HAL_Driver/Src/stm32f4xx_hal_gpio.o
                0x080012a8                HAL_GPIO_ReadPin
 .text.HAL_GPIO_WritePin
                0x080012b6        0xc Drivers/STM32F4xx_HAL_Driver/Src/stm32f4xx_hal_gpio.o
                0x080012b6                HAL_GPIO_WritePin
 .text.HAL_GPIO_TogglePin
                0x080012c2        0x8 Drivers/STM32F4xx_HAL_Driver/Src/stm32f4xx_hal_gpio.o
                0x080012c2                HAL_GPIO_TogglePin
 *fill*         0x080012ca        0x2 
 .text.HAL_RCC_OscConfig
                0x080012cc      0x398 Drivers/STM32F4xx_HAL_Driver/Src/stm32f4xx_hal_rcc.o
                0x080012cc                HAL_RCC_OscConfig
 .text.HAL_RCC_GetSysClockFreq
                0x08001664       0xd4 Drivers/STM32F4xx_HAL_Driver/Src/stm32f4xx_hal_rcc.o
                0x08001664                HAL_RCC_GetSysClockFreq
 .text.HAL_RCC_ClockConfig
                0x08001738      0x158 Drivers/STM32F4xx_HAL_Driver/Src/stm32f4xx_hal_rcc.o
                0x08001738                HAL_RCC_ClockConfig
 .text.HAL_RCC_GetHCLKFreq
                0x08001890        0xc Drivers/STM32F4xx_HAL_Driver/Src/stm32f4xx_hal_rcc.o
                0x08001890                HAL_RCC_GetHCLKFreq
 .text.HAL_RCC_GetPCLK1Freq
                0x0800189c       0x20 Drivers/STM32F4xx_HAL_Driver/Src/stm32f4xx_hal_rcc.o
                0x0800189c                HAL_RCC_GetPCLK1Freq
 .text.HAL_RCC_GetPCLK2Freq
                0x080018bc       0x20 Drivers/STM32F4xx_HAL_Driver/Src/stm32f4xx_hal_rcc.o
                0x080018bc                HAL_RCC_GetPCLK2Freq
 .text.HAL_RCC_GetClockConfig
                0x080018dc       0x3c Drivers/STM32F4xx_HAL_Driver/Src/stm32f4xx_hal_rcc.o
                0x080018dc                HAL_RCC_GetClockConfig
 .text.HAL_TIM_Base_MspInit
                0x08001918        0x2 Drivers/STM32F4xx_HAL_Driver/Src/stm32f4xx_hal_tim.o
                0x08001918                HAL_TIM_Base_MspInit
 .text.HAL_TIM_Base_Start_IT
                0x0800191a       0x18 Drivers/STM32F4xx_HAL_Driver/Src/stm32f4xx_hal_tim.o
                0x0800191a                HAL_TIM_Base_Start_IT
 .text.HAL_TIM_OC_DelayElapsedCallback
                0x08001932        0x2 Drivers/STM32F4xx_HAL_Driver/Src/stm32f4xx_hal_tim.o
                0x08001932                HAL_TIM_OC_DelayElapsedCallback
 .text.HAL_TIM_IC_CaptureCallback
                0x08001934        0x2 Drivers/STM32F4xx_HAL_Driver/Src/stm32f4xx_hal_tim.o
                0x08001934                HAL_TIM_IC_CaptureCallback
 .text.HAL_TIM_PWM_PulseFinishedCallback
                0x08001936        0x2 Drivers/STM32F4xx_HAL_Driver/Src/stm32f4xx_hal_tim.o
                0x08001936                HAL_TIM_PWM_PulseFinishedCallback
 .text.HAL_TIM_TriggerCallback
                0x08001938        0x2 Drivers/STM32F4xx_HAL_Driver/Src/stm32f4xx_hal_tim.o
                0x08001938                HAL_TIM_TriggerCallback
 .text.HAL_TIM_IRQHandler
                0x0800193a      0x17a Drivers/STM32F4xx_HAL_Driver/Src/stm32f4xx_hal_tim.o
                0x0800193a                HAL_TIM_IRQHandler
 .text.TIM_Base_SetConfig
                0x08001ab4      0x11c Drivers/STM32F4xx_HAL_Driver/Src/stm32f4xx_hal_tim.o
                0x08001ab4                TIM_Base_SetConfig
 .text.HAL_TIM_Base_Init
                0x08001bd0       0x32 Drivers/STM32F4xx_HAL_Driver/Src/stm32f4xx_hal_tim.o
                0x08001bd0                HAL_TIM_Base_Init
 .text.HAL_TIMEx_CommutationCallback
                0x08001c02        0x2 Drivers/STM32F4xx_HAL_Driver/Src/stm32f4xx_hal_tim_ex.o
                0x08001c02                HAL_TIMEx_CommutationCallback
 .text.HAL_TIMEx_BreakCallback
                0x08001c04        0x2 Drivers/STM32F4xx_HAL_Driver/Src/stm32f4xx_hal_tim_ex.o
                0x08001c04                HAL_TIMEx_BreakCallback
 .text.UART_EndRxTransfer
                0x08001c06       0x1c Drivers/STM32F4xx_HAL_Driver/Src/stm32f4xx_hal_uart.o
 .text.UART_Transmit_IT
                0x08001c22       0x6a Drivers/STM32F4xx_HAL_Driver/Src/stm32f4xx_hal_uart.o
 .text.UART_SetConfig
                0x08001c8c      0x344 Drivers/STM32F4xx_HAL_Driver/Src/stm32f4xx_hal_uart.o
 .text.HAL_UART_Init
                0x08001fd0       0x5e Drivers/STM32F4xx_HAL_Driver/Src/stm32f4xx_hal_uart.o
                0x08001fd0                HAL_UART_Init
 .text.HAL_UART_TxCpltCallback
                0x0800202e        0x2 Drivers/STM32F4xx_HAL_Driver/Src/stm32f4xx_hal_uart.o
                0x0800202e                HAL_UART_TxCpltCallback
 .text.UART_EndTransmit_IT
                0x08002030       0x1a Drivers/STM32F4xx_HAL_Driver/Src/stm32f4xx_hal_uart.o
 .text.HAL_UART_RxCpltCallback
                0x0800204a        0x2 Drivers/STM32F4xx_HAL_Driver/Src/stm32f4xx_hal_uart.o
                0x0800204a                HAL_UART_RxCpltCallback
 .text.UART_Receive_IT
                0x0800204c       0x94 Drivers/STM32F4xx_HAL_Driver/Src/stm32f4xx_hal_uart.o
 .text.HAL_UART_ErrorCallback
                0x080020e0        0x2 Drivers/STM32F4xx_HAL_Driver/Src/stm32f4xx_hal_uart.o
                0x080020e0                HAL_UART_ErrorCallback
 *fill*         0x080020e2        0x2 
 .text.HAL_UART_IRQHandler
                0x080020e4      0x120 Drivers/STM32F4xx_HAL_Driver/Src/stm32f4xx_hal_uart.o
                0x080020e4                HAL_UART_IRQHandler
 .text.UART_DMAAbortOnError
                0x08002204       0x10 Drivers/STM32F4xx_HAL_Driver/Src/stm32f4xx_hal_uart.o
 .text.makeFreeRtosPriority
                0x08002214        0xc Middlewares/Third_Party/FreeRTOS/Source/CMSIS_RTOS/cmsis_os.o
 .text.osKernelStart
                0x08002220        0xa Middlewares/Third_Party/FreeRTOS/Source/CMSIS_RTOS/cmsis_os.o
                0x08002220                osKernelStart
 .text.osThreadCreate
                0x0800222a       0x34 Middlewares/Third_Party/FreeRTOS/Source/CMSIS_RTOS/cmsis_os.o
                0x0800222a                osThreadCreate
 .text.osDelay  0x0800225e       0x12 Middlewares/Third_Party/FreeRTOS/Source/CMSIS_RTOS/cmsis_os.o
                0x0800225e                osDelay
 .text.osSystickHandler
                0x08002270       0x10 Middlewares/Third_Party/FreeRTOS/Source/CMSIS_RTOS/cmsis_os.o
                0x08002270                osSystickHandler
 .text.vListInitialise
                0x08002280       0x16 Middlewares/Third_Party/FreeRTOS/Source/list.o
                0x08002280                vListInitialise
 .text.vListInitialiseItem
                0x08002296        0x6 Middlewares/Third_Party/FreeRTOS/Source/list.o
                0x08002296                vListInitialiseItem
 .text.vListInsertEnd
                0x0800229c       0x18 Middlewares/Third_Party/FreeRTOS/Source/list.o
                0x0800229c                vListInsertEnd
 .text.vListInsert
                0x080022b4       0x34 Middlewares/Third_Party/FreeRTOS/Source/list.o
                0x080022b4                vListInsert
 .text.uxListRemove
                0x080022e8       0x26 Middlewares/Third_Party/FreeRTOS/Source/list.o
                0x080022e8                uxListRemove
 .text.prvIsQueueFull
                0x0800230e       0x1e Middlewares/Third_Party/FreeRTOS/Source/queue.o
 .text.prvIsQueueEmpty
                0x0800232c       0x1a Middlewares/Third_Party/FreeRTOS/Source/queue.o
 .text.prvCopyDataToQueue
                0x08002346       0x76 Middlewares/Third_Party/FreeRTOS/Source/queue.o
 .text.prvCopyDataFromQueue
                0x080023bc       0x24 Middlewares/Third_Party/FreeRTOS/Source/queue.o
 .text.prvUnlockQueue
                0x080023e0       0x6e Middlewares/Third_Party/FreeRTOS/Source/queue.o
 *fill*         0x0800244e        0x2 
 .text.xQueueGenericReset
                0x08002450       0x80 Middlewares/Third_Party/FreeRTOS/Source/queue.o
                0x08002450                xQueueGenericReset
 .text.prvInitialiseNewQueue
                0x080024d0       0x22 Middlewares/Third_Party/FreeRTOS/Source/queue.o
 .text.xQueueGenericCreate
                0x080024f2       0x48 Middlewares/Third_Party/FreeRTOS/Source/queue.o
                0x080024f2                xQueueGenericCreate
 *fill*         0x0800253a        0x2 
 .text.xQueueGenericSend
                0x0800253c      0x188 Middlewares/Third_Party/FreeRTOS/Source/queue.o
                0x0800253c                xQueueGenericSend
 .text.xQueueGenericSendFromISR
                0x080026c4       0xde Middlewares/Third_Party/FreeRTOS/Source/queue.o
                0x080026c4                xQueueGenericSendFromISR
 *fill*         0x080027a2        0x2 
 .text.xQueueGenericReceive
                0x080027a4      0x1b0 Middlewares/Third_Party/FreeRTOS/Source/queue.o
                0x080027a4                xQueueGenericReceive
 .text.xQueueReceiveFromISR
                0x08002954       0xb6 Middlewares/Third_Party/FreeRTOS/Source/queue.o
                0x08002954                xQueueReceiveFromISR
 .text.prvTaskCheckFreeStackSpace
                0x08002a0a       0x14 Middlewares/Third_Party/FreeRTOS/Source/tasks.o
 *fill*         0x08002a1e        0x2 
 .text.prvResetNextTaskUnblockTime
                0x08002a20       0x2c Middlewares/Third_Party/FreeRTOS/Source/tasks.o
 .text.prvDeleteTCB
                0x08002a4c       0x12 Middlewares/Third_Party/FreeRTOS/Source/tasks.o
 .text.prvInitialiseNewTask
                0x08002a5e       0x90 Middlewares/Third_Party/FreeRTOS/Source/tasks.o
 *fill*         0x08002aee        0x2 
 .text.prvInitialiseTaskLists
                0x08002af0       0x58 Middlewares/Third_Party/FreeRTOS/Source/tasks.o
 .text.prvAddNewTaskToReadyList
                0x08002b48       0xac Middlewares/Third_Party/FreeRTOS/Source/tasks.o
 .text.prvAddCurrentTaskToDelayedList
                0x08002bf4       0x88 Middlewares/Third_Party/FreeRTOS/Source/tasks.o
 .text.prvWriteNameToBuffer
                0x08002c7c       0x22 Middlewares/Third_Party/FreeRTOS/Source/tasks.o
 .text.xTaskCreate
                0x08002c9e       0x62 Middlewares/Third_Party/FreeRTOS/Source/tasks.o
                0x08002c9e                xTaskCreate
 .text.eTaskGetState
                0x08002d00       0x78 Middlewares/Third_Party/FreeRTOS/Source/tasks.o
                0x08002d00                eTaskGetState
 .text.vTaskStartScheduler
                0x08002d78       0x74 Middlewares/Third_Party/FreeRTOS/Source/tasks.o
                0x08002d78                vTaskStartScheduler
 .text.vTaskSuspendAll
                0x08002dec       0x14 Middlewares/Third_Party/FreeRTOS/Source/tasks.o
                0x08002dec                vTaskSuspendAll
 .text.xTaskIncrementTick
                0x08002e00      0x114 Middlewares/Third_Party/FreeRTOS/Source/tasks.o
                0x08002e00                xTaskIncrementTick
 .text.xTaskResumeAll
                0x08002f14       0xf4 Middlewares/Third_Party/FreeRTOS/Source/tasks.o
                0x08002f14                xTaskResumeAll
 .text.vTaskDelay
                0x08003008       0x50 Middlewares/Third_Party/FreeRTOS/Source/tasks.o
                0x08003008                vTaskDelay
 .text.prvCheckTasksWaitingTermination
                0x08003058       0x54 Middlewares/Third_Party/FreeRTOS/Source/tasks.o
 .text.prvIdleTask
                0x080030ac       0x28 Middlewares/Third_Party/FreeRTOS/Source/tasks.o
 .text.vTaskSwitchContext
                0x080030d4       0x90 Middlewares/Third_Party/FreeRTOS/Source/tasks.o
                0x080030d4                vTaskSwitchContext
 .text.vTaskPlaceOnEventList
                0x08003164       0x34 Middlewares/Third_Party/FreeRTOS/Source/tasks.o
                0x08003164                vTaskPlaceOnEventList
 .text.xTaskRemoveFromEventList
                0x08003198       0x84 Middlewares/Third_Party/FreeRTOS/Source/tasks.o
                0x08003198                xTaskRemoveFromEventList
 .text.vTaskSetTimeOutState
                0x0800321c       0x28 Middlewares/Third_Party/FreeRTOS/Source/tasks.o
                0x0800321c                vTaskSetTimeOutState
 .text.xTaskCheckForTimeOut
                0x08003244       0x80 Middlewares/Third_Party/FreeRTOS/Source/tasks.o
                0x08003244                xTaskCheckForTimeOut
 .text.vTaskMissedYield
                0x080032c4       0x10 Middlewares/Third_Party/FreeRTOS/Source/tasks.o
                0x080032c4                vTaskMissedYield
 .text.vTaskGetInfo
                0x080032d4       0x78 Middlewares/Third_Party/FreeRTOS/Source/tasks.o
                0x080032d4                vTaskGetInfo
 .text.prvListTasksWithinSingleList
                0x0800334c       0x5e Middlewares/Third_Party/FreeRTOS/Source/tasks.o
 *fill*         0x080033aa        0x2 
 .text.uxTaskGetSystemState
                0x080033ac       0xa4 Middlewares/Third_Party/FreeRTOS/Source/tasks.o
                0x080033ac                uxTaskGetSystemState
 .text.xTaskGetSchedulerState
                0x08003450       0x20 Middlewares/Third_Party/FreeRTOS/Source/tasks.o
                0x08003450                xTaskGetSchedulerState
 .text.vTaskPriorityInherit
                0x08003470       0xb0 Middlewares/Third_Party/FreeRTOS/Source/tasks.o
                0x08003470                vTaskPriorityInherit
 .text.xTaskPriorityDisinherit
                0x08003520       0xb8 Middlewares/Third_Party/FreeRTOS/Source/tasks.o
                0x08003520                xTaskPriorityDisinherit
 .text.vTaskList
                0x080035d8       0xe0 Middlewares/Third_Party/FreeRTOS/Source/tasks.o
                0x080035d8                vTaskList
 .text.pvTaskIncrementMutexHeldCount
                0x080036b8       0x20 Middlewares/Third_Party/FreeRTOS/Source/tasks.o
                0x080036b8                pvTaskIncrementMutexHeldCount
 .text.prvTaskExitError
                0x080036d8       0x34 Middlewares/Third_Party/FreeRTOS/Source/portable/GCC/ARM_CM4F/port.o
 .text.prvPortStartFirstTask
                0x0800370c       0x20 Middlewares/Third_Party/FreeRTOS/Source/portable/GCC/ARM_CM4F/port.o
 .text.vPortEnableVFP
                0x0800372c       0x14 Middlewares/Third_Party/FreeRTOS/Source/portable/GCC/ARM_CM4F/port.o
 .text.pxPortInitialiseStack
                0x08003740       0x2c Middlewares/Third_Party/FreeRTOS/Source/portable/GCC/ARM_CM4F/port.o
                0x08003740                pxPortInitialiseStack
 *fill*         0x0800376c        0x4 
 .text.SVC_Handler
                0x08003770       0x24 Middlewares/Third_Party/FreeRTOS/Source/portable/GCC/ARM_CM4F/port.o
                0x08003770                SVC_Handler
 .text.vPortEnterCritical
                0x08003794       0x44 Middlewares/Third_Party/FreeRTOS/Source/portable/GCC/ARM_CM4F/port.o
                0x08003794                vPortEnterCritical
 .text.vPortExitCritical
                0x080037d8       0x2c Middlewares/Third_Party/FreeRTOS/Source/portable/GCC/ARM_CM4F/port.o
                0x080037d8                vPortExitCritical
 *fill*         0x08003804        0xc 
 .text.PendSV_Handler
                0x08003810       0x64 Middlewares/Third_Party/FreeRTOS/Source/portable/GCC/ARM_CM4F/port.o
                0x08003810                PendSV_Handler
 .text.xPortSysTickHandler
                0x08003874       0x2c Middlewares/Third_Party/FreeRTOS/Source/portable/GCC/ARM_CM4F/port.o
                0x08003874                xPortSysTickHandler
 .text.vPortSetupTimerInterrupt
                0x080038a0       0x2c Middlewares/Third_Party/FreeRTOS/Source/portable/GCC/ARM_CM4F/port.o
                0x080038a0                vPortSetupTimerInterrupt
 .text.xPortStartScheduler
                0x080038cc       0xe8 Middlewares/Third_Party/FreeRTOS/Source/portable/GCC/ARM_CM4F/port.o
                0x080038cc                xPortStartScheduler
 .text.vPortValidateInterruptPriority
                0x080039b4       0x58 Middlewares/Third_Party/FreeRTOS/Source/portable/GCC/ARM_CM4F/port.o
                0x080039b4                vPortValidateInterruptPriority
 .text.prvHeapInit
                0x08003a0c       0x58 Middlewares/Third_Party/FreeRTOS/Source/portable/MemMang/heap_4.o
 .text.prvInsertBlockIntoFreeList
                0x08003a64       0x58 Middlewares/Third_Party/FreeRTOS/Source/portable/MemMang/heap_4.o
 .text.pvPortMalloc
                0x08003abc      0x10c Middlewares/Third_Party/FreeRTOS/Source/portable/MemMang/heap_4.o
                0x08003abc                pvPortMalloc
 .text.vPortFree
                0x08003bc8       0x70 Middlewares/Third_Party/FreeRTOS/Source/portable/MemMang/heap_4.o
                0x08003bc8                vPortFree
 .text.prvGetNumberOfParameters
                0x08003c38       0x28 Middlewares/Third_Party/FreeRTOS-Plus/Source/FreeRTOS-Plus-CLI/FreeRTOS_CLI.o
 .text.prvHelpCommand
                0x08003c60       0x34 Middlewares/Third_Party/FreeRTOS-Plus/Source/FreeRTOS-Plus-CLI/FreeRTOS_CLI.o
 .text.FreeRTOS_CLIGetRegisteredCommands
                0x08003c94        0x8 Middlewares/Third_Party/FreeRTOS-Plus/Source/FreeRTOS-Plus-CLI/FreeRTOS_CLI.o
                0x08003c94                FreeRTOS_CLIGetRegisteredCommands
 .text.FreeRTOS_CLIRegisterCommand
                0x08003c9c       0x54 Middlewares/Third_Party/FreeRTOS-Plus/Source/FreeRTOS-Plus-CLI/FreeRTOS_CLI.o
                0x08003c9c                FreeRTOS_CLIRegisterCommand
 .text.FreeRTOS_CLIProcessCommand
                0x08003cf0       0xfc Middlewares/Third_Party/FreeRTOS-Plus/Source/FreeRTOS-Plus-CLI/FreeRTOS_CLI.o
                0x08003cf0                FreeRTOS_CLIProcessCommand
 .text.FreeRTOS_CLIGetOutputBuffer
                0x08003dec        0x8 Middlewares/Third_Party/FreeRTOS-Plus/Source/FreeRTOS-Plus-CLI/FreeRTOS_CLI.o
                0x08003dec                FreeRTOS_CLIGetOutputBuffer
 .text.FreeRTOS_CLIGetParameter
                0x08003df4       0x52 Middlewares/Third_Party/FreeRTOS-Plus/Source/FreeRTOS-Plus-CLI/FreeRTOS_CLI.o
                0x08003df4                FreeRTOS_CLIGetParameter
 .text.hist_erase_older
                0x08003e46       0x18 Middlewares/Third_Party/microrl/src/microrl.o
 .text.hist_is_space_for_new
                0x08003e5e       0x38 Middlewares/Third_Party/microrl/src/microrl.o
 .text.hist_save_line
                0x08003e96       0x82 Middlewares/Third_Party/microrl/src/microrl.o
 .text.hist_restore_line
                0x08003f18      0x10c Middlewares/Third_Party/microrl/src/microrl.o
 .text.terminal_move_cursor
                0x08004024       0x48 Middlewares/Third_Party/microrl/src/microrl.o
 .text.terminal_reset_cursor
                0x0800406c       0x28 Middlewares/Third_Party/microrl/src/microrl.o
 .text.terminal_print_line
                0x08004094       0x50 Middlewares/Third_Party/microrl/src/microrl.o
 .text.hist_search
                0x080040e4       0x38 Middlewares/Third_Party/microrl/src/microrl.o
 .text.escape_process
                0x0800411c       0xd8 Middlewares/Third_Party/microrl/src/microrl.o
 .text.microrl_backspace
                0x080041f4       0x54 Middlewares/Third_Party/microrl/src/microrl.o
 .text.microrl_insert_text
                0x08004248       0x62 Middlewares/Third_Party/microrl/src/microrl.o
 *fill*         0x080042aa        0x2 
 .text.microrl_init
                0x080042ac       0x54 Middlewares/Third_Party/microrl/src/microrl.o
                0x080042ac                microrl_init
 .text.microrl_set_complete_callback
                0x08004300        0x6 Middlewares/Third_Party/microrl/src/microrl.o
                0x08004300                microrl_set_complete_callback
 .text.microrl_set_execute_callback
                0x08004306        0x6 Middlewares/Third_Party/microrl/src/microrl.o
                0x08004306                microrl_set_execute_callback
 .text.microrl_set_sigint_callback
                0x0800430c        0x6 Middlewares/Third_Party/microrl/src/microrl.o
                0x0800430c                microrl_set_sigint_callback
 *fill*         0x08004312        0x2 
 .text.new_line_handler
                0x08004314       0x54 Middlewares/Third_Party/microrl/src/microrl.o
                0x08004314                new_line_handler
 .text.microrl_insert_char
                0x08004368      0x1d0 Middlewares/Third_Party/microrl/src/microrl.o
                0x08004368                microrl_insert_char
 .text.StartDefaultTask
                0x08004538        0xa Src/freertos.o
                0x08004538                StartDefaultTask
 .text.prvUARTCommandConsoleTask
                0x08004542        0x8 Src/freertos.o
                0x08004542                prvUARTCommandConsoleTask
 *fill*         0x0800454a        0x2 
 .text.MX_FREERTOS_Init
                0x0800454c       0x4c Src/freertos.o
                0x0800454c                MX_FREERTOS_Init
 .text.gc_check_same_position
                0x08004598       0x38 Src/gcode.o
 .text.read_float
                0x080045d0      0x108 Src/gcode.o
                0x080045d0                read_float
 .text.hypot_f  0x080046d8       0x2c Src/gcode.o
                0x080046d8                hypot_f
 *fill*         0x08004704        0x4 
 .text.gc_execute_line
                0x08004708      0xf6c Src/gcode.o
                0x08004708                gc_execute_line
 .text.MX_GPIO_Init
                0x08005674       0x74 Src/gpio.o
                0x08005674                MX_GPIO_Init
 .text.HAL_TIM_PeriodElapsedCallback
                0x080056e8       0x12 Src/main.o
                0x080056e8                HAL_TIM_PeriodElapsedCallback
 .text._Error_Handler
                0x080056fa        0x2 Src/main.o
                0x080056fa                _Error_Handler
 .text.SystemClock_Config
                0x080056fc       0xc4 Src/main.o
                0x080056fc                SystemClock_Config
 .text.main     0x080057c0       0x1c Src/main.o
                0x080057c0                main
 .text.serial_init
                0x080057dc       0x28 Src/serial.o
                0x080057dc                serial_init
 .text.xSerialGetChar
                0x08005804       0x20 Src/serial.o
                0x08005804                xSerialGetChar
 .text.xSerialPutChar
                0x08005824       0x38 Src/serial.o
                0x08005824                xSerialPutChar
 .text.vSerialPutString
                0x0800585c       0x18 Src/serial.o
                0x0800585c                vSerialPutString
 .text.vUARTInterruptHandler
                0x08005874       0xb0 Src/serial.o
                0x08005874                vUARTInterruptHandler
 .text.prvExecCommand
                0x08005924       0x48 Src/shell-cmds.o
 .text.prvStartCommand
                0x0800596c       0x2c Src/shell-cmds.o
 .text.prvParameterEchoCommand
                0x08005998       0xa8 Src/shell-cmds.o
 .text.prvThreeParameterEchoCommand
                0x08005a40       0xc0 Src/shell-cmds.o
 .text.prvTaskStatsCommand
                0x08005b00       0x60 Src/shell-cmds.o
 .text.prvLedCommand
                0x08005b60      0x1c0 Src/shell-cmds.o
 .text.prvManCommand
                0x08005d20       0x98 Src/shell-cmds.o
 .text.vRegisterSampleCLICommands
                0x08005db8       0x40 Src/shell-cmds.o
                0x08005db8                vRegisterSampleCLICommands
 .text.prvComplete
                0x08005df8        0x4 Src/shell-core.o
                0x08005df8                prvComplete
 .text.prvOutputString
                0x08005dfc       0x12 Src/shell-core.o
                0x08005dfc                prvOutputString
 .text.prvExecute
                0x08005e0e       0x26 Src/shell-core.o
                0x08005e0e                prvExecute
 .text.prvGetChar
                0x08005e34       0x1e Src/shell-core.o
                0x08005e34                prvGetChar
 *fill*         0x08005e52        0x2 
 .text.shell_start
                0x08005e54       0x54 Src/shell-core.o
                0x08005e54                shell_start
 .text.HAL_MspInit
                0x08005ea8       0x5e Src/stm32f4xx_hal_msp.o
                0x08005ea8                HAL_MspInit
 *fill*         0x08005f06        0x2 
 .text.HAL_InitTick
                0x08005f08       0x78 Src/stm32f4xx_hal_timebase_TIM.o
                0x08005f08                HAL_InitTick
 .text.SysTick_Handler
                0x08005f80        0x8 Src/stm32f4xx_it.o
                0x08005f80                SysTick_Handler
 .text.TIM2_IRQHandler
                0x08005f88       0x10 Src/stm32f4xx_it.o
                0x08005f88                TIM2_IRQHandler
 .text.USART3_IRQHandler
                0x08005f98       0x14 Src/stm32f4xx_it.o
                0x08005f98                USART3_IRQHandler
 .text.SystemInit
                0x08005fac       0x4c Src/system_stm32f4xx.o
                0x08005fac                SystemInit
 .text.MX_USART3_UART_Init
                0x08005ff8       0x3c Src/usart.o
                0x08005ff8                MX_USART3_UART_Init
 .text.HAL_UART_MspInit
                0x08006034       0x70 Src/usart.o
                0x08006034                HAL_UART_MspInit
 .text.Reset_Handler
                0x080060a4       0x50 startup/startup_stm32f407xx.o
                0x080060a4                Reset_Handler
 .text.Default_Handler
                0x080060f4        0x2 startup/startup_stm32f407xx.o
                0x080060f4                RTC_Alarm_IRQHandler
                0x080060f4                HASH_RNG_IRQHandler
                0x080060f4                EXTI2_IRQHandler
                0x080060f4                TIM8_CC_IRQHandler
                0x080060f4                DebugMon_Handler
                0x080060f4                TIM1_CC_IRQHandler
                0x080060f4                DMA2_Stream5_IRQHandler
                0x080060f4                HardFault_Handler
                0x080060f4                DMA1_Stream5_IRQHandler
                0x080060f4                PVD_IRQHandler
                0x080060f4                SDIO_IRQHandler
                0x080060f4                TAMP_STAMP_IRQHandler
                0x080060f4                NMI_Handler
                0x080060f4                CAN2_RX1_IRQHandler
                0x080060f4                EXTI3_IRQHandler
                0x080060f4                TIM8_TRG_COM_TIM14_IRQHandler
                0x080060f4                TIM1_UP_TIM10_IRQHandler
                0x080060f4                TIM8_UP_TIM13_IRQHandler
                0x080060f4                I2C3_ER_IRQHandler
                0x080060f4                EXTI0_IRQHandler
                0x080060f4                I2C2_EV_IRQHandler
                0x080060f4                DMA1_Stream2_IRQHandler
                0x080060f4                CAN1_RX0_IRQHandler
                0x080060f4                FPU_IRQHandler
                0x080060f4                OTG_HS_WKUP_IRQHandler
                0x080060f4                UsageFault_Handler
                0x080060f4                CAN2_SCE_IRQHandler
                0x080060f4                DMA2_Stream2_IRQHandler
                0x080060f4                SPI1_IRQHandler
                0x080060f4                TIM6_DAC_IRQHandler
                0x080060f4                TIM1_BRK_TIM9_IRQHandler
                0x080060f4                DCMI_IRQHandler
                0x080060f4                CAN2_RX0_IRQHandler
                0x080060f4                DMA2_Stream3_IRQHandler
                0x080060f4                USART6_IRQHandler
                0x080060f4                CAN1_RX1_IRQHandler
                0x080060f4                UART5_IRQHandler
                0x080060f4                DMA2_Stream0_IRQHandler
                0x080060f4                TIM4_IRQHandler
                0x080060f4                I2C1_EV_IRQHandler
                0x080060f4                DMA1_Stream6_IRQHandler
                0x080060f4                DMA1_Stream1_IRQHandler
                0x080060f4                UART4_IRQHandler
                0x080060f4                TIM3_IRQHandler
                0x080060f4                RCC_IRQHandler
                0x080060f4                TIM8_BRK_TIM12_IRQHandler
                0x080060f4                Default_Handler
                0x080060f4                EXTI15_10_IRQHandler
                0x080060f4                ADC_IRQHandler
                0x080060f4                DMA1_Stream7_IRQHandler
                0x080060f4                TIM7_IRQHandler
                0x080060f4                CAN2_TX_IRQHandler
                0x080060f4                TIM5_IRQHandler
                0x080060f4                DMA2_Stream7_IRQHandler
                0x080060f4                I2C3_EV_IRQHandler
                0x080060f4                EXTI9_5_IRQHandler
                0x080060f4                RTC_WKUP_IRQHandler
                0x080060f4                ETH_WKUP_IRQHandler
                0x080060f4                SPI2_IRQHandler
                0x080060f4                OTG_HS_EP1_IN_IRQHandler
                0x080060f4                MemManage_Handler
                0x080060f4                DMA1_Stream0_IRQHandler
                0x080060f4                CAN1_TX_IRQHandler
                0x080060f4                EXTI4_IRQHandler
                0x080060f4                FSMC_IRQHandler
                0x080060f4                ETH_IRQHandler
                0x080060f4                OTG_HS_EP1_OUT_IRQHandler
                0x080060f4                WWDG_IRQHandler
                0x080060f4                OTG_FS_WKUP_IRQHandler
                0x080060f4                TIM1_TRG_COM_TIM11_IRQHandler
                0x080060f4                OTG_HS_IRQHandler
                0x080060f4                EXTI1_IRQHandler
                0x080060f4                USART2_IRQHandler
                0x080060f4                I2C2_ER_IRQHandler
                0x080060f4                DMA2_Stream1_IRQHandler
                0x080060f4                CAN1_SCE_IRQHandler
                0x080060f4                FLASH_IRQHandler
                0x080060f4                DMA2_Stream4_IRQHandler
                0x080060f4                BusFault_Handler
                0x080060f4                USART1_IRQHandler
                0x080060f4                OTG_FS_IRQHandler
                0x080060f4                SPI3_IRQHandler
                0x080060f4                DMA1_Stream4_IRQHandler
                0x080060f4                I2C1_ER_IRQHandler
                0x080060f4                DMA2_Stream6_IRQHandler
                0x080060f4                DMA1_Stream3_IRQHandler
 *fill*         0x080060f6        0x2 
 .text.round    0x080060f8       0xb0 c:/ac6/systemworkbench/plugins/fr.ac6.mcu.externaltools.arm-none.win32_1.15.0.201708311556/tools/compiler/bin/../lib/gcc/arm-none-eabi/6.3.1/../../../../arm-none-eabi/lib/thumb/v7e-m/fpv4-sp/hard\libm.a(lib_a-s_round.o)
                0x080060f8                round
 .text.trunc    0x080061a8       0x74 c:/ac6/systemworkbench/plugins/fr.ac6.mcu.externaltools.arm-none.win32_1.15.0.201708311556/tools/compiler/bin/../lib/gcc/arm-none-eabi/6.3.1/../../../../arm-none-eabi/lib/thumb/v7e-m/fpv4-sp/hard\libm.a(lib_a-s_trunc.o)
                0x080061a8                trunc
 .text.sqrt     0x0800621c       0xb8 c:/ac6/systemworkbench/plugins/fr.ac6.mcu.externaltools.arm-none.win32_1.15.0.201708311556/tools/compiler/bin/../lib/gcc/arm-none-eabi/6.3.1/../../../../arm-none-eabi/lib/thumb/v7e-m/fpv4-sp/hard\libm.a(lib_a-w_sqrt.o)
                0x0800621c                sqrt
 .text.__ieee754_sqrt
                0x080062d4      0x198 c:/ac6/systemworkbench/plugins/fr.ac6.mcu.externaltools.arm-none.win32_1.15.0.201708311556/tools/compiler/bin/../lib/gcc/arm-none-eabi/6.3.1/../../../../arm-none-eabi/lib/thumb/v7e-m/fpv4-sp/hard\libm.a(lib_a-e_sqrt.o)
                0x080062d4                __ieee754_sqrt
 .text.matherr  0x0800646c        0x4 c:/ac6/systemworkbench/plugins/fr.ac6.mcu.externaltools.arm-none.win32_1.15.0.201708311556/tools/compiler/bin/../lib/gcc/arm-none-eabi/6.3.1/../../../../arm-none-eabi/lib/thumb/v7e-m/fpv4-sp/hard\libm.a(lib_a-s_matherr.o)
                0x0800646c                matherr
 .text.__errno  0x08006470        0xc c:/ac6/systemworkbench/plugins/fr.ac6.mcu.externaltools.arm-none.win32_1.15.0.201708311556/tools/compiler/bin/../lib/gcc/arm-none-eabi/6.3.1/../../../../arm-none-eabi/lib/thumb/v7e-m/fpv4-sp/hard\libc_nano.a(lib_a-errno.o)
                0x08006470                __errno
 .text.__libc_init_array
                0x0800647c       0x48 c:/ac6/systemworkbench/plugins/fr.ac6.mcu.externaltools.arm-none.win32_1.15.0.201708311556/tools/compiler/bin/../lib/gcc/arm-none-eabi/6.3.1/../../../../arm-none-eabi/lib/thumb/v7e-m/fpv4-sp/hard\libc_nano.a(lib_a-init.o)
                0x0800647c                __libc_init_array
 .text.memcpy   0x080064c4       0x16 c:/ac6/systemworkbench/plugins/fr.ac6.mcu.externaltools.arm-none.win32_1.15.0.201708311556/tools/compiler/bin/../lib/gcc/arm-none-eabi/6.3.1/../../../../arm-none-eabi/lib/thumb/v7e-m/fpv4-sp/hard\libc_nano.a(lib_a-memcpy-stub.o)
                0x080064c4                memcpy
 .text.memmove  0x080064da       0x34 c:/ac6/systemworkbench/plugins/fr.ac6.mcu.externaltools.arm-none.win32_1.15.0.201708311556/tools/compiler/bin/../lib/gcc/arm-none-eabi/6.3.1/../../../../arm-none-eabi/lib/thumb/v7e-m/fpv4-sp/hard\libc_nano.a(lib_a-memmove.o)
                0x080064da                memmove
 .text.memset   0x0800650e       0x10 c:/ac6/systemworkbench/plugins/fr.ac6.mcu.externaltools.arm-none.win32_1.15.0.201708311556/tools/compiler/bin/../lib/gcc/arm-none-eabi/6.3.1/../../../../arm-none-eabi/lib/thumb/v7e-m/fpv4-sp/hard\libc_nano.a(lib_a-memset.o)
                0x0800650e                memset
 *fill*         0x0800651e        0x2 
 .text.snprintf
                0x08006520       0x68 c:/ac6/systemworkbench/plugins/fr.ac6.mcu.externaltools.arm-none.win32_1.15.0.201708311556/tools/compiler/bin/../lib/gcc/arm-none-eabi/6.3.1/../../../../arm-none-eabi/lib/thumb/v7e-m/fpv4-sp/hard\libc_nano.a(lib_a-snprintf.o)
                0x08006520                sniprintf
                0x08006520                snprintf
 .text.sprintf  0x08006588       0x48 c:/ac6/systemworkbench/plugins/fr.ac6.mcu.externaltools.arm-none.win32_1.15.0.201708311556/tools/compiler/bin/../lib/gcc/arm-none-eabi/6.3.1/../../../../arm-none-eabi/lib/thumb/v7e-m/fpv4-sp/hard\libc_nano.a(lib_a-sprintf.o)
                0x08006588                siprintf
                0x08006588                sprintf
 .text.strcpy   0x080065d0       0x10 c:/ac6/systemworkbench/plugins/fr.ac6.mcu.externaltools.arm-none.win32_1.15.0.201708311556/tools/compiler/bin/../lib/gcc/arm-none-eabi/6.3.1/../../../../arm-none-eabi/lib/thumb/v7e-m/fpv4-sp/hard\libc_nano.a(lib_a-strcpy.o)
                0x080065d0                strcpy
 .text.strncat  0x080065e0       0x28 c:/ac6/systemworkbench/plugins/fr.ac6.mcu.externaltools.arm-none.win32_1.15.0.201708311556/tools/compiler/bin/../lib/gcc/arm-none-eabi/6.3.1/../../../../arm-none-eabi/lib/thumb/v7e-m/fpv4-sp/hard\libc_nano.a(lib_a-strncat.o)
                0x080065e0                strncat
 .text.strncmp  0x08006608       0x24 c:/ac6/systemworkbench/plugins/fr.ac6.mcu.externaltools.arm-none.win32_1.15.0.201708311556/tools/compiler/bin/../lib/gcc/arm-none-eabi/6.3.1/../../../../arm-none-eabi/lib/thumb/v7e-m/fpv4-sp/hard\libc_nano.a(lib_a-strncmp.o)
                0x08006608                strncmp
 .text.strncpy  0x0800662c       0x2a c:/ac6/systemworkbench/plugins/fr.ac6.mcu.externaltools.arm-none.win32_1.15.0.201708311556/tools/compiler/bin/../lib/gcc/arm-none-eabi/6.3.1/../../../../arm-none-eabi/lib/thumb/v7e-m/fpv4-sp/hard\libc_nano.a(lib_a-strncpy.o)
                0x0800662c                strncpy
 .text.__ssputs_r
                0x08006656       0xb6 c:/ac6/systemworkbench/plugins/fr.ac6.mcu.externaltools.arm-none.win32_1.15.0.201708311556/tools/compiler/bin/../lib/gcc/arm-none-eabi/6.3.1/../../../../arm-none-eabi/lib/thumb/v7e-m/fpv4-sp/hard\libc_nano.a(lib_a-nano-svfprintf.o)
                0x08006656                __ssputs_r
 .text._svfprintf_r
                0x0800670c      0x1e8 c:/ac6/systemworkbench/plugins/fr.ac6.mcu.externaltools.arm-none.win32_1.15.0.201708311556/tools/compiler/bin/../lib/gcc/arm-none-eabi/6.3.1/../../../../arm-none-eabi/lib/thumb/v7e-m/fpv4-sp/hard\libc_nano.a(lib_a-nano-svfprintf.o)
                0x0800670c                _svfiprintf_r
                0x0800670c                _svfprintf_r
 .text._printf_common
                0x080068f4       0xec c:/ac6/systemworkbench/plugins/fr.ac6.mcu.externaltools.arm-none.win32_1.15.0.201708311556/tools/compiler/bin/../lib/gcc/arm-none-eabi/6.3.1/../../../../arm-none-eabi/lib/thumb/v7e-m/fpv4-sp/hard\libc_nano.a(lib_a-nano-vfprintf_i.o)
                0x080068f4                _printf_common
 .text._printf_i
                0x080069e0      0x240 c:/ac6/systemworkbench/plugins/fr.ac6.mcu.externaltools.arm-none.win32_1.15.0.201708311556/tools/compiler/bin/../lib/gcc/arm-none-eabi/6.3.1/../../../../arm-none-eabi/lib/thumb/v7e-m/fpv4-sp/hard\libc_nano.a(lib_a-nano-vfprintf_i.o)
                0x080069e0                _printf_i
 .text._free_r  0x08006c20       0x9c c:/ac6/systemworkbench/plugins/fr.ac6.mcu.externaltools.arm-none.win32_1.15.0.201708311556/tools/compiler/bin/../lib/gcc/arm-none-eabi/6.3.1/../../../../arm-none-eabi/lib/thumb/v7e-m/fpv4-sp/hard\libc_nano.a(lib_a-nano-freer.o)
                0x08006c20                _free_r
 .text._malloc_r
                0x08006cbc       0xbc c:/ac6/systemworkbench/plugins/fr.ac6.mcu.externaltools.arm-none.win32_1.15.0.201708311556/tools/compiler/bin/../lib/gcc/arm-none-eabi/6.3.1/../../../../arm-none-eabi/lib/thumb/v7e-m/fpv4-sp/hard\libc_nano.a(lib_a-nano-mallocr.o)
                0x08006cbc                _malloc_r
 .text._realloc_r
                0x08006d78       0x4c c:/ac6/systemworkbench/plugins/fr.ac6.mcu.externaltools.arm-none.win32_1.15.0.201708311556/tools/compiler/bin/../lib/gcc/arm-none-eabi/6.3.1/../../../../arm-none-eabi/lib/thumb/v7e-m/fpv4-sp/hard\libc_nano.a(lib_a-nano-reallocr.o)
                0x08006d78                _realloc_r
 .text._sbrk_r  0x08006dc4       0x20 c:/ac6/systemworkbench/plugins/fr.ac6.mcu.externaltools.arm-none.win32_1.15.0.201708311556/tools/compiler/bin/../lib/gcc/arm-none-eabi/6.3.1/../../../../arm-none-eabi/lib/thumb/v7e-m/fpv4-sp/hard\libc_nano.a(lib_a-sbrkr.o)
                0x08006dc4                _sbrk_r
 .text.__malloc_lock
                0x08006de4        0x2 c:/ac6/systemworkbench/plugins/fr.ac6.mcu.externaltools.arm-none.win32_1.15.0.201708311556/tools/compiler/bin/../lib/gcc/arm-none-eabi/6.3.1/../../../../arm-none-eabi/lib/thumb/v7e-m/fpv4-sp/hard\libc_nano.a(lib_a-mlock.o)
                0x08006de4                __malloc_lock
 .text.__malloc_unlock
                0x08006de6        0x2 c:/ac6/systemworkbench/plugins/fr.ac6.mcu.externaltools.arm-none.win32_1.15.0.201708311556/tools/compiler/bin/../lib/gcc/arm-none-eabi/6.3.1/../../../../arm-none-eabi/lib/thumb/v7e-m/fpv4-sp/hard\libc_nano.a(lib_a-mlock.o)
                0x08006de6                __malloc_unlock
 .text._malloc_usable_size_r
                0x08006de8       0x12 c:/ac6/systemworkbench/plugins/fr.ac6.mcu.externaltools.arm-none.win32_1.15.0.201708311556/tools/compiler/bin/../lib/gcc/arm-none-eabi/6.3.1/../../../../arm-none-eabi/lib/thumb/v7e-m/fpv4-sp/hard\libc_nano.a(lib_a-nano-msizer.o)
                0x08006de8                _malloc_usable_size_r
 *fill*         0x08006dfa        0x2 
 .text._sbrk    0x08006dfc       0x1c c:/ac6/systemworkbench/plugins/fr.ac6.mcu.externaltools.arm-none.win32_1.15.0.201708311556/tools/compiler/bin/../lib/gcc/arm-none-eabi/6.3.1/../../../../arm-none-eabi/lib/thumb/v7e-m/fpv4-sp/hard\libnosys.a(sbrk.o)
                0x08006dfc                _sbrk
 *(.glue_7)
 .glue_7        0x08006e18        0x0 linker stubs
 *(.glue_7t)
 .glue_7t       0x08006e18        0x0 linker stubs
 *(.eh_frame)
 .eh_frame      0x08006e18        0x0 c:/ac6/systemworkbench/plugins/fr.ac6.mcu.externaltools.arm-none.win32_1.15.0.201708311556/tools/compiler/bin/../lib/gcc/arm-none-eabi/6.3.1/thumb/v7e-m/fpv4-sp/hard/crtbegin.o
 *(.init)
 .init          0x08006e18        0x4 c:/ac6/systemworkbench/plugins/fr.ac6.mcu.externaltools.arm-none.win32_1.15.0.201708311556/tools/compiler/bin/../lib/gcc/arm-none-eabi/6.3.1/thumb/v7e-m/fpv4-sp/hard/crti.o
                0x08006e18                _init
 .init          0x08006e1c        0x8 c:/ac6/systemworkbench/plugins/fr.ac6.mcu.externaltools.arm-none.win32_1.15.0.201708311556/tools/compiler/bin/../lib/gcc/arm-none-eabi/6.3.1/thumb/v7e-m/fpv4-sp/hard/crtn.o
 *(.fini)
 .fini          0x08006e24        0x4 c:/ac6/systemworkbench/plugins/fr.ac6.mcu.externaltools.arm-none.win32_1.15.0.201708311556/tools/compiler/bin/../lib/gcc/arm-none-eabi/6.3.1/thumb/v7e-m/fpv4-sp/hard/crti.o
                0x08006e24                _fini
 .fini          0x08006e28        0x8 c:/ac6/systemworkbench/plugins/fr.ac6.mcu.externaltools.arm-none.win32_1.15.0.201708311556/tools/compiler/bin/../lib/gcc/arm-none-eabi/6.3.1/thumb/v7e-m/fpv4-sp/hard/crtn.o
                0x08006e30                . = ALIGN (0x4)
                0x08006e30                _etext = .

.vfp11_veneer   0x08006e30        0x0
 .vfp11_veneer  0x08006e30        0x0 linker stubs

.v4_bx          0x08006e30        0x0
 .v4_bx         0x08006e30        0x0 linker stubs

.iplt           0x08006e30        0x0
 .iplt          0x08006e30        0x0 c:/ac6/systemworkbench/plugins/fr.ac6.mcu.externaltools.arm-none.win32_1.15.0.201708311556/tools/compiler/bin/../lib/gcc/arm-none-eabi/6.3.1/thumb/v7e-m/fpv4-sp/hard/crtbegin.o

.rodata         0x08006e30      0xa6c
                0x08006e30                . = ALIGN (0x4)
 *(.rodata)
 .rodata        0x08006e30       0x10 Middlewares/Third_Party/FreeRTOS-Plus/Source/FreeRTOS-Plus-CLI/FreeRTOS_CLI.o
 .rodata        0x08006e40       0x28 Src/freertos.o
 .rodata        0x08006e68       0x70 Src/shell-cmds.o
 .rodata        0x08006ed8       0x18 Src/system_stm32f4xx.o
                0x08006ed8                AHBPrescTable
                0x08006ee8                APBPrescTable
 *(.rodata*)
 .rodata.str1.4
                0x08006ef0       0x17 Middlewares/Third_Party/FreeRTOS/Source/tasks.o
 *fill*         0x08006f07        0x1 
 .rodata.str1.4
                0x08006f08       0xe4 Middlewares/Third_Party/FreeRTOS-Plus/Source/FreeRTOS-Plus-CLI/FreeRTOS_CLI.o
 .rodata.str1.4
                0x08006fec       0x3c Middlewares/Third_Party/microrl/src/microrl.o
 .rodata.str1.4
                0x08007028       0x10 Src/freertos.o
 .rodata.str1.4
                0x08007038        0xe Src/main.o
 *fill*         0x08007046        0x2 
 .rodata.str1.4
                0x08007048      0x5b0 Src/shell-cmds.o
                                0x5b4 (size before relaxing)
 .rodata.str1.4
                0x080075f8      0x258 Src/shell-core.o
 .rodata.str1.4
                0x08007850        0xf Src/usart.o
 *fill*         0x0800785f        0x1 
 .rodata.sqrt.str1.4
                0x08007860        0x8 c:/ac6/systemworkbench/plugins/fr.ac6.mcu.externaltools.arm-none.win32_1.15.0.201708311556/tools/compiler/bin/../lib/gcc/arm-none-eabi/6.3.1/../../../../arm-none-eabi/lib/thumb/v7e-m/fpv4-sp/hard\libm.a(lib_a-w_sqrt.o)
                                  0x5 (size before relaxing)
 .rodata._svfprintf_r.str1.1
                0x08007868       0x11 c:/ac6/systemworkbench/plugins/fr.ac6.mcu.externaltools.arm-none.win32_1.15.0.201708311556/tools/compiler/bin/../lib/gcc/arm-none-eabi/6.3.1/../../../../arm-none-eabi/lib/thumb/v7e-m/fpv4-sp/hard\libc_nano.a(lib_a-nano-svfprintf.o)
 .rodata._printf_i.str1.1
                0x08007879       0x22 c:/ac6/systemworkbench/plugins/fr.ac6.mcu.externaltools.arm-none.win32_1.15.0.201708311556/tools/compiler/bin/../lib/gcc/arm-none-eabi/6.3.1/../../../../arm-none-eabi/lib/thumb/v7e-m/fpv4-sp/hard\libc_nano.a(lib_a-nano-vfprintf_i.o)
                0x0800789c                . = ALIGN (0x4)
 *fill*         0x0800789b        0x1 

.ARM.extab
 *(.ARM.extab* .gnu.linkonce.armextab.*)

.ARM            0x0800789c        0x8
                0x0800789c                __exidx_start = .
 *(.ARM.exidx*)
 .ARM.exidx     0x0800789c        0x8 c:/ac6/systemworkbench/plugins/fr.ac6.mcu.externaltools.arm-none.win32_1.15.0.201708311556/tools/compiler/bin/../lib/gcc/arm-none-eabi/6.3.1/thumb/v7e-m/fpv4-sp/hard\libgcc.a(_udivmoddi4.o)
                0x080078a4                __exidx_end = .

.rel.dyn        0x080078a4        0x0
 .rel.iplt      0x080078a4        0x0 c:/ac6/systemworkbench/plugins/fr.ac6.mcu.externaltools.arm-none.win32_1.15.0.201708311556/tools/compiler/bin/../lib/gcc/arm-none-eabi/6.3.1/thumb/v7e-m/fpv4-sp/hard/crtbegin.o

.preinit_array  0x080078a4        0x0
                0x080078a4                PROVIDE (__preinit_array_start, .)
 *(.preinit_array*)
                0x080078a4                PROVIDE (__preinit_array_end, .)

.init_array     0x080078a4        0x4
                0x080078a4                PROVIDE (__init_array_start, .)
 *(SORT(.init_array.*))
 *(.init_array*)
 .init_array    0x080078a4        0x4 c:/ac6/systemworkbench/plugins/fr.ac6.mcu.externaltools.arm-none.win32_1.15.0.201708311556/tools/compiler/bin/../lib/gcc/arm-none-eabi/6.3.1/thumb/v7e-m/fpv4-sp/hard/crtbegin.o
                0x080078a8                PROVIDE (__init_array_end, .)

.fini_array     0x080078a8        0x4
                [!provide]                PROVIDE (__fini_array_start, .)
 *(SORT(.fini_array.*))
 *(.fini_array*)
 .fini_array    0x080078a8        0x4 c:/ac6/systemworkbench/plugins/fr.ac6.mcu.externaltools.arm-none.win32_1.15.0.201708311556/tools/compiler/bin/../lib/gcc/arm-none-eabi/6.3.1/thumb/v7e-m/fpv4-sp/hard/crtbegin.o
                [!provide]                PROVIDE (__fini_array_end, .)
                0x080078ac                _sidata = LOADADDR (.data)

.data           0x20000000       0x8c load address 0x080078ac
                0x20000000                . = ALIGN (0x4)
                0x20000000                _sdata = .
 *(.data)
 .data          0x20000000        0x8 Drivers/STM32F4xx_HAL_Driver/Src/stm32f4xx_hal.o
                0x20000000                uwTickFreq
                0x20000004                uwTickPrio
 .data          0x20000008        0x4 Middlewares/Third_Party/FreeRTOS/Source/portable/GCC/ARM_CM4F/port.o
 .data          0x2000000c        0xc Middlewares/Third_Party/FreeRTOS-Plus/Source/FreeRTOS-Plus-CLI/FreeRTOS_CLI.o
 .data          0x20000018        0x4 Middlewares/Third_Party/microrl/src/microrl.o
                0x20000018                prompt_default
 .data          0x2000001c        0x4 Src/shell-core.o
                0x2000001c                prl
 .data          0x20000020        0x4 Src/system_stm32f4xx.o
                0x20000020                SystemCoreClock
 *(.data*)
 .data.__fdlib_version
                0x20000024        0x1 c:/ac6/systemworkbench/plugins/fr.ac6.mcu.externaltools.arm-none.win32_1.15.0.201708311556/tools/compiler/bin/../lib/gcc/arm-none-eabi/6.3.1/../../../../arm-none-eabi/lib/thumb/v7e-m/fpv4-sp/hard\libm.a(lib_a-s_lib_ver.o)
                0x20000024                __fdlib_version
 *fill*         0x20000025        0x3 
 .data._impure_ptr
                0x20000028        0x4 c:/ac6/systemworkbench/plugins/fr.ac6.mcu.externaltools.arm-none.win32_1.15.0.201708311556/tools/compiler/bin/../lib/gcc/arm-none-eabi/6.3.1/../../../../arm-none-eabi/lib/thumb/v7e-m/fpv4-sp/hard\libc_nano.a(lib_a-impure.o)
                0x20000028                _impure_ptr
 .data.impure_data
                0x2000002c       0x60 c:/ac6/systemworkbench/plugins/fr.ac6.mcu.externaltools.arm-none.win32_1.15.0.201708311556/tools/compiler/bin/../lib/gcc/arm-none-eabi/6.3.1/../../../../arm-none-eabi/lib/thumb/v7e-m/fpv4-sp/hard\libc_nano.a(lib_a-impure.o)
                0x2000008c                . = ALIGN (0x4)
                0x2000008c                _edata = .
                0x08007938                _siccmram = LOADADDR (.ccmram)

.jcr            0x2000008c        0x0 load address 0x08007938
 .jcr           0x2000008c        0x0 c:/ac6/systemworkbench/plugins/fr.ac6.mcu.externaltools.arm-none.win32_1.15.0.201708311556/tools/compiler/bin/../lib/gcc/arm-none-eabi/6.3.1/thumb/v7e-m/fpv4-sp/hard/crtbegin.o

.igot.plt       0x2000008c        0x0 load address 0x08007938
 .igot.plt      0x2000008c        0x0 c:/ac6/systemworkbench/plugins/fr.ac6.mcu.externaltools.arm-none.win32_1.15.0.201708311556/tools/compiler/bin/../lib/gcc/arm-none-eabi/6.3.1/thumb/v7e-m/fpv4-sp/hard/crtbegin.o

.ccmram         0x10000000        0x0 load address 0x08007938
                0x10000000                . = ALIGN (0x4)
                0x10000000                _sccmram = .
 *(.ccmram)
 *(.ccmram*)
                0x10000000                . = ALIGN (0x4)
                0x10000000                _eccmram = .
                0x10000000                . = ALIGN (0x4)

.bss            0x2000008c     0x4830
                0x2000008c                _sbss = .
                0x2000008c                __bss_start__ = _sbss
 *(.bss)
 .bss           0x2000008c       0x1c c:/ac6/systemworkbench/plugins/fr.ac6.mcu.externaltools.arm-none.win32_1.15.0.201708311556/tools/compiler/bin/../lib/gcc/arm-none-eabi/6.3.1/thumb/v7e-m/fpv4-sp/hard/crtbegin.o
 .bss           0x200000a8      0x12c Middlewares/Third_Party/FreeRTOS/Source/tasks.o
                0x200001a8                pxCurrentTCB
 .bss           0x200001d4        0x8 Middlewares/Third_Party/FreeRTOS/Source/portable/GCC/ARM_CM4F/port.o
 .bss           0x200001dc     0x3c18 Middlewares/Third_Party/FreeRTOS/Source/portable/MemMang/heap_4.o
 .bss           0x20003df4      0x808 Middlewares/Third_Party/FreeRTOS-Plus/Source/FreeRTOS-Plus-CLI/FreeRTOS_CLI.o
 .bss           0x200045fc        0x8 Src/serial.o
 .bss           0x20004604        0x8 Src/shell-cmds.o
 *(.bss*)
 .bss.__malloc_free_list
                0x2000460c        0x4 c:/ac6/systemworkbench/plugins/fr.ac6.mcu.externaltools.arm-none.win32_1.15.0.201708311556/tools/compiler/bin/../lib/gcc/arm-none-eabi/6.3.1/../../../../arm-none-eabi/lib/thumb/v7e-m/fpv4-sp/hard\libc_nano.a(lib_a-nano-mallocr.o)
                0x2000460c                __malloc_free_list
 .bss.__malloc_sbrk_start
                0x20004610        0x4 c:/ac6/systemworkbench/plugins/fr.ac6.mcu.externaltools.arm-none.win32_1.15.0.201708311556/tools/compiler/bin/../lib/gcc/arm-none-eabi/6.3.1/../../../../arm-none-eabi/lib/thumb/v7e-m/fpv4-sp/hard\libc_nano.a(lib_a-nano-mallocr.o)
                0x20004610                __malloc_sbrk_start
 .bss.heap_end.5239
                0x20004614        0x4 c:/ac6/systemworkbench/plugins/fr.ac6.mcu.externaltools.arm-none.win32_1.15.0.201708311556/tools/compiler/bin/../lib/gcc/arm-none-eabi/6.3.1/../../../../arm-none-eabi/lib/thumb/v7e-m/fpv4-sp/hard\libnosys.a(sbrk.o)
 *(COMMON)
 COMMON         0x20004618        0x4 Drivers/STM32F4xx_HAL_Driver/Src/stm32f4xx_hal.o
                0x20004618                uwTick
 COMMON         0x2000461c        0x8 Src/freertos.o
                0x2000461c                defaultTaskHandle
                0x20004620                CLIHandle
 COMMON         0x20004624       0x84 Src/gcode.o
                0x20004624                gc_state
                0x20004668                gc_block
 COMMON         0x200046a8      0x194 Src/shell-core.o
                0x200046a8                rl
 COMMON         0x2000483c       0x3c Src/stm32f4xx_hal_timebase_TIM.o
                0x2000483c                htim2
 COMMON         0x20004878       0x40 Src/usart.o
                0x20004878                huart3
 COMMON         0x200048b8        0x4 c:/ac6/systemworkbench/plugins/fr.ac6.mcu.externaltools.arm-none.win32_1.15.0.201708311556/tools/compiler/bin/../lib/gcc/arm-none-eabi/6.3.1/../../../../arm-none-eabi/lib/thumb/v7e-m/fpv4-sp/hard\libc_nano.a(lib_a-reent.o)
                0x200048b8                errno
                0x200048bc                . = ALIGN (0x4)
                0x200048bc                _ebss = .
                0x200048bc                __bss_end__ = _ebss

._user_heap_stack
                0x200048bc     0x6004
                0x200048c0                . = ALIGN (0x8)
 *fill*         0x200048bc        0x4 
                0x200048c0                PROVIDE (end, .)
                [!provide]                PROVIDE (_end, .)
                0x200068c0                . = (. + _Min_Heap_Size)
 *fill*         0x200048c0     0x2000 
                0x2000a8c0                . = (. + _Min_Stack_Size)
 *fill*         0x200068c0     0x4000 
                0x2000a8c0                . = ALIGN (0x8)

/DISCARD/
 libc.a(*)
 libm.a(*)
 libgcc.a(*)

.ARM.attributes
                0x00000000       0x30
 *(.ARM.attributes)
 .ARM.attributes
                0x00000000       0x22 c:/ac6/systemworkbench/plugins/fr.ac6.mcu.externaltools.arm-none.win32_1.15.0.201708311556/tools/compiler/bin/../lib/gcc/arm-none-eabi/6.3.1/thumb/v7e-m/fpv4-sp/hard/crti.o
 .ARM.attributes
                0x00000022       0x34 c:/ac6/systemworkbench/plugins/fr.ac6.mcu.externaltools.arm-none.win32_1.15.0.201708311556/tools/compiler/bin/../lib/gcc/arm-none-eabi/6.3.1/thumb/v7e-m/fpv4-sp/hard/crtbegin.o
 .ARM.attributes
                0x00000056       0x39 Drivers/STM32F4xx_HAL_Driver/Src/stm32f4xx_hal.o
 .ARM.attributes
                0x0000008f       0x39 Drivers/STM32F4xx_HAL_Driver/Src/stm32f4xx_hal_cortex.o
 .ARM.attributes
                0x000000c8       0x39 Drivers/STM32F4xx_HAL_Driver/Src/stm32f4xx_hal_dma.o
 .ARM.attributes
                0x00000101       0x39 Drivers/STM32F4xx_HAL_Driver/Src/stm32f4xx_hal_gpio.o
 .ARM.attributes
                0x0000013a       0x39 Drivers/STM32F4xx_HAL_Driver/Src/stm32f4xx_hal_rcc.o
 .ARM.attributes
                0x00000173       0x39 Drivers/STM32F4xx_HAL_Driver/Src/stm32f4xx_hal_tim.o
 .ARM.attributes
                0x000001ac       0x39 Drivers/STM32F4xx_HAL_Driver/Src/stm32f4xx_hal_tim_ex.o
 .ARM.attributes
                0x000001e5       0x39 Drivers/STM32F4xx_HAL_Driver/Src/stm32f4xx_hal_uart.o
 .ARM.attributes
                0x0000021e       0x39 Middlewares/Third_Party/FreeRTOS/Source/CMSIS_RTOS/cmsis_os.o
 .ARM.attributes
                0x00000257       0x39 Middlewares/Third_Party/FreeRTOS/Source/list.o
 .ARM.attributes
                0x00000290       0x39 Middlewares/Third_Party/FreeRTOS/Source/queue.o
 .ARM.attributes
                0x000002c9       0x39 Middlewares/Third_Party/FreeRTOS/Source/tasks.o
 .ARM.attributes
                0x00000302       0x39 Middlewares/Third_Party/FreeRTOS/Source/portable/GCC/ARM_CM4F/port.o
 .ARM.attributes
                0x0000033b       0x39 Middlewares/Third_Party/FreeRTOS/Source/portable/MemMang/heap_4.o
 .ARM.attributes
                0x00000374       0x39 Middlewares/Third_Party/FreeRTOS-Plus/Source/FreeRTOS-Plus-CLI/FreeRTOS_CLI.o
 .ARM.attributes
                0x000003ad       0x39 Middlewares/Third_Party/microrl/src/microrl.o
 .ARM.attributes
                0x000003e6       0x39 Src/freertos.o
 .ARM.attributes
                0x0000041f       0x39 Src/gcode.o
 .ARM.attributes
                0x00000458       0x39 Src/gpio.o
 .ARM.attributes
                0x00000491       0x39 Src/main.o
 .ARM.attributes
                0x000004ca       0x39 Src/serial.o
 .ARM.attributes
                0x00000503       0x39 Src/shell-cmds.o
 .ARM.attributes
                0x0000053c       0x39 Src/shell-core.o
 .ARM.attributes
                0x00000575       0x39 Src/stm32f4xx_hal_msp.o
 .ARM.attributes
                0x000005ae       0x39 Src/stm32f4xx_hal_timebase_TIM.o
 .ARM.attributes
                0x000005e7       0x39 Src/stm32f4xx_it.o
 .ARM.attributes
                0x00000620       0x39 Src/system_stm32f4xx.o
 .ARM.attributes
                0x00000659       0x39 Src/usart.o
 .ARM.attributes
                0x00000692       0x21 startup/startup_stm32f407xx.o
 .ARM.attributes
                0x000006b3       0x34 c:/ac6/systemworkbench/plugins/fr.ac6.mcu.externaltools.arm-none.win32_1.15.0.201708311556/tools/compiler/bin/../lib/gcc/arm-none-eabi/6.3.1/../../../../arm-none-eabi/lib/thumb/v7e-m/fpv4-sp/hard\libm.a(lib_a-s_round.o)
 .ARM.attributes
                0x000006e7       0x34 c:/ac6/systemworkbench/plugins/fr.ac6.mcu.externaltools.arm-none.win32_1.15.0.201708311556/tools/compiler/bin/../lib/gcc/arm-none-eabi/6.3.1/../../../../arm-none-eabi/lib/thumb/v7e-m/fpv4-sp/hard\libm.a(lib_a-s_trunc.o)
 .ARM.attributes
                0x0000071b       0x34 c:/ac6/systemworkbench/plugins/fr.ac6.mcu.externaltools.arm-none.win32_1.15.0.201708311556/tools/compiler/bin/../lib/gcc/arm-none-eabi/6.3.1/../../../../arm-none-eabi/lib/thumb/v7e-m/fpv4-sp/hard\libm.a(lib_a-w_sqrt.o)
 .ARM.attributes
                0x0000074f       0x34 c:/ac6/systemworkbench/plugins/fr.ac6.mcu.externaltools.arm-none.win32_1.15.0.201708311556/tools/compiler/bin/../lib/gcc/arm-none-eabi/6.3.1/../../../../arm-none-eabi/lib/thumb/v7e-m/fpv4-sp/hard\libm.a(lib_a-e_sqrt.o)
 .ARM.attributes
                0x00000783       0x34 c:/ac6/systemworkbench/plugins/fr.ac6.mcu.externaltools.arm-none.win32_1.15.0.201708311556/tools/compiler/bin/../lib/gcc/arm-none-eabi/6.3.1/../../../../arm-none-eabi/lib/thumb/v7e-m/fpv4-sp/hard\libm.a(lib_a-s_lib_ver.o)
 .ARM.attributes
                0x000007b7       0x34 c:/ac6/systemworkbench/plugins/fr.ac6.mcu.externaltools.arm-none.win32_1.15.0.201708311556/tools/compiler/bin/../lib/gcc/arm-none-eabi/6.3.1/../../../../arm-none-eabi/lib/thumb/v7e-m/fpv4-sp/hard\libm.a(lib_a-s_matherr.o)
 .ARM.attributes
                0x000007eb       0x22 c:/ac6/systemworkbench/plugins/fr.ac6.mcu.externaltools.arm-none.win32_1.15.0.201708311556/tools/compiler/bin/../lib/gcc/arm-none-eabi/6.3.1/thumb/v7e-m/fpv4-sp/hard\libgcc.a(_arm_addsubdf3.o)
 .ARM.attributes
                0x0000080d       0x22 c:/ac6/systemworkbench/plugins/fr.ac6.mcu.externaltools.arm-none.win32_1.15.0.201708311556/tools/compiler/bin/../lib/gcc/arm-none-eabi/6.3.1/thumb/v7e-m/fpv4-sp/hard\libgcc.a(_arm_muldivdf3.o)
 .ARM.attributes
                0x0000082f       0x22 c:/ac6/systemworkbench/plugins/fr.ac6.mcu.externaltools.arm-none.win32_1.15.0.201708311556/tools/compiler/bin/../lib/gcc/arm-none-eabi/6.3.1/thumb/v7e-m/fpv4-sp/hard\libgcc.a(_arm_cmpdf2.o)
 .ARM.attributes
                0x00000851       0x22 c:/ac6/systemworkbench/plugins/fr.ac6.mcu.externaltools.arm-none.win32_1.15.0.201708311556/tools/compiler/bin/../lib/gcc/arm-none-eabi/6.3.1/thumb/v7e-m/fpv4-sp/hard\libgcc.a(_arm_unorddf2.o)
 .ARM.attributes
                0x00000873       0x22 c:/ac6/systemworkbench/plugins/fr.ac6.mcu.externaltools.arm-none.win32_1.15.0.201708311556/tools/compiler/bin/../lib/gcc/arm-none-eabi/6.3.1/thumb/v7e-m/fpv4-sp/hard\libgcc.a(_arm_fixunsdfsi.o)
 .ARM.attributes
                0x00000895       0x22 c:/ac6/systemworkbench/plugins/fr.ac6.mcu.externaltools.arm-none.win32_1.15.0.201708311556/tools/compiler/bin/../lib/gcc/arm-none-eabi/6.3.1/thumb/v7e-m/fpv4-sp/hard\libgcc.a(_arm_truncdfsf2.o)
 .ARM.attributes
                0x000008b7       0x22 c:/ac6/systemworkbench/plugins/fr.ac6.mcu.externaltools.arm-none.win32_1.15.0.201708311556/tools/compiler/bin/../lib/gcc/arm-none-eabi/6.3.1/thumb/v7e-m/fpv4-sp/hard\libgcc.a(_aeabi_uldivmod.o)
 .ARM.attributes
                0x000008d9       0x34 c:/ac6/systemworkbench/plugins/fr.ac6.mcu.externaltools.arm-none.win32_1.15.0.201708311556/tools/compiler/bin/../lib/gcc/arm-none-eabi/6.3.1/thumb/v7e-m/fpv4-sp/hard\libgcc.a(_udivmoddi4.o)
 .ARM.attributes
                0x0000090d       0x22 c:/ac6/systemworkbench/plugins/fr.ac6.mcu.externaltools.arm-none.win32_1.15.0.201708311556/tools/compiler/bin/../lib/gcc/arm-none-eabi/6.3.1/thumb/v7e-m/fpv4-sp/hard\libgcc.a(_dvmd_tls.o)
 .ARM.attributes
                0x0000092f       0x34 c:/ac6/systemworkbench/plugins/fr.ac6.mcu.externaltools.arm-none.win32_1.15.0.201708311556/tools/compiler/bin/../lib/gcc/arm-none-eabi/6.3.1/../../../../arm-none-eabi/lib/thumb/v7e-m/fpv4-sp/hard\libc_nano.a(lib_a-errno.o)
 .ARM.attributes
                0x00000963       0x34 c:/ac6/systemworkbench/plugins/fr.ac6.mcu.externaltools.arm-none.win32_1.15.0.201708311556/tools/compiler/bin/../lib/gcc/arm-none-eabi/6.3.1/../../../../arm-none-eabi/lib/thumb/v7e-m/fpv4-sp/hard\libc_nano.a(lib_a-impure.o)
 .ARM.attributes
                0x00000997       0x34 c:/ac6/systemworkbench/plugins/fr.ac6.mcu.externaltools.arm-none.win32_1.15.0.201708311556/tools/compiler/bin/../lib/gcc/arm-none-eabi/6.3.1/../../../../arm-none-eabi/lib/thumb/v7e-m/fpv4-sp/hard\libc_nano.a(lib_a-init.o)
 .ARM.attributes
                0x000009cb       0x34 c:/ac6/systemworkbench/plugins/fr.ac6.mcu.externaltools.arm-none.win32_1.15.0.201708311556/tools/compiler/bin/../lib/gcc/arm-none-eabi/6.3.1/../../../../arm-none-eabi/lib/thumb/v7e-m/fpv4-sp/hard\libc_nano.a(lib_a-memcpy-stub.o)
 .ARM.attributes
                0x000009ff       0x34 c:/ac6/systemworkbench/plugins/fr.ac6.mcu.externaltools.arm-none.win32_1.15.0.201708311556/tools/compiler/bin/../lib/gcc/arm-none-eabi/6.3.1/../../../../arm-none-eabi/lib/thumb/v7e-m/fpv4-sp/hard\libc_nano.a(lib_a-memmove.o)
 .ARM.attributes
                0x00000a33       0x34 c:/ac6/systemworkbench/plugins/fr.ac6.mcu.externaltools.arm-none.win32_1.15.0.201708311556/tools/compiler/bin/../lib/gcc/arm-none-eabi/6.3.1/../../../../arm-none-eabi/lib/thumb/v7e-m/fpv4-sp/hard\libc_nano.a(lib_a-memset.o)
 .ARM.attributes
                0x00000a67       0x34 c:/ac6/systemworkbench/plugins/fr.ac6.mcu.externaltools.arm-none.win32_1.15.0.201708311556/tools/compiler/bin/../lib/gcc/arm-none-eabi/6.3.1/../../../../arm-none-eabi/lib/thumb/v7e-m/fpv4-sp/hard\libc_nano.a(lib_a-snprintf.o)
 .ARM.attributes
                0x00000a9b       0x34 c:/ac6/systemworkbench/plugins/fr.ac6.mcu.externaltools.arm-none.win32_1.15.0.201708311556/tools/compiler/bin/../lib/gcc/arm-none-eabi/6.3.1/../../../../arm-none-eabi/lib/thumb/v7e-m/fpv4-sp/hard\libc_nano.a(lib_a-sprintf.o)
 .ARM.attributes
                0x00000acf       0x34 c:/ac6/systemworkbench/plugins/fr.ac6.mcu.externaltools.arm-none.win32_1.15.0.201708311556/tools/compiler/bin/../lib/gcc/arm-none-eabi/6.3.1/../../../../arm-none-eabi/lib/thumb/v7e-m/fpv4-sp/hard\libc_nano.a(lib_a-strcpy.o)
 .ARM.attributes
                0x00000b03       0x1b c:/ac6/systemworkbench/plugins/fr.ac6.mcu.externaltools.arm-none.win32_1.15.0.201708311556/tools/compiler/bin/../lib/gcc/arm-none-eabi/6.3.1/../../../../arm-none-eabi/lib/thumb/v7e-m/fpv4-sp/hard\libc_nano.a(lib_a-strlen.o)
 .ARM.attributes
                0x00000b1e       0x34 c:/ac6/systemworkbench/plugins/fr.ac6.mcu.externaltools.arm-none.win32_1.15.0.201708311556/tools/compiler/bin/../lib/gcc/arm-none-eabi/6.3.1/../../../../arm-none-eabi/lib/thumb/v7e-m/fpv4-sp/hard\libc_nano.a(lib_a-strncat.o)
 .ARM.attributes
                0x00000b52       0x34 c:/ac6/systemworkbench/plugins/fr.ac6.mcu.externaltools.arm-none.win32_1.15.0.201708311556/tools/compiler/bin/../lib/gcc/arm-none-eabi/6.3.1/../../../../arm-none-eabi/lib/thumb/v7e-m/fpv4-sp/hard\libc_nano.a(lib_a-strncmp.o)
 .ARM.attributes
                0x00000b86       0x34 c:/ac6/systemworkbench/plugins/fr.ac6.mcu.externaltools.arm-none.win32_1.15.0.201708311556/tools/compiler/bin/../lib/gcc/arm-none-eabi/6.3.1/../../../../arm-none-eabi/lib/thumb/v7e-m/fpv4-sp/hard\libc_nano.a(lib_a-strncpy.o)
 .ARM.attributes
                0x00000bba       0x34 c:/ac6/systemworkbench/plugins/fr.ac6.mcu.externaltools.arm-none.win32_1.15.0.201708311556/tools/compiler/bin/../lib/gcc/arm-none-eabi/6.3.1/../../../../arm-none-eabi/lib/thumb/v7e-m/fpv4-sp/hard\libc_nano.a(lib_a-nano-svfprintf.o)
 .ARM.attributes
                0x00000bee       0x34 c:/ac6/systemworkbench/plugins/fr.ac6.mcu.externaltools.arm-none.win32_1.15.0.201708311556/tools/compiler/bin/../lib/gcc/arm-none-eabi/6.3.1/../../../../arm-none-eabi/lib/thumb/v7e-m/fpv4-sp/hard\libc_nano.a(lib_a-nano-vfprintf_i.o)
 .ARM.attributes
                0x00000c22       0x20 c:/ac6/systemworkbench/plugins/fr.ac6.mcu.externaltools.arm-none.win32_1.15.0.201708311556/tools/compiler/bin/../lib/gcc/arm-none-eabi/6.3.1/../../../../arm-none-eabi/lib/thumb/v7e-m/fpv4-sp/hard\libc_nano.a(lib_a-memchr.o)
 .ARM.attributes
                0x00000c42       0x34 c:/ac6/systemworkbench/plugins/fr.ac6.mcu.externaltools.arm-none.win32_1.15.0.201708311556/tools/compiler/bin/../lib/gcc/arm-none-eabi/6.3.1/../../../../arm-none-eabi/lib/thumb/v7e-m/fpv4-sp/hard\libc_nano.a(lib_a-nano-freer.o)
 .ARM.attributes
                0x00000c76       0x34 c:/ac6/systemworkbench/plugins/fr.ac6.mcu.externaltools.arm-none.win32_1.15.0.201708311556/tools/compiler/bin/../lib/gcc/arm-none-eabi/6.3.1/../../../../arm-none-eabi/lib/thumb/v7e-m/fpv4-sp/hard\libc_nano.a(lib_a-nano-mallocr.o)
 .ARM.attributes
                0x00000caa       0x34 c:/ac6/systemworkbench/plugins/fr.ac6.mcu.externaltools.arm-none.win32_1.15.0.201708311556/tools/compiler/bin/../lib/gcc/arm-none-eabi/6.3.1/../../../../arm-none-eabi/lib/thumb/v7e-m/fpv4-sp/hard\libc_nano.a(lib_a-nano-reallocr.o)
 .ARM.attributes
                0x00000cde       0x34 c:/ac6/systemworkbench/plugins/fr.ac6.mcu.externaltools.arm-none.win32_1.15.0.201708311556/tools/compiler/bin/../lib/gcc/arm-none-eabi/6.3.1/../../../../arm-none-eabi/lib/thumb/v7e-m/fpv4-sp/hard\libc_nano.a(lib_a-sbrkr.o)
 .ARM.attributes
                0x00000d12       0x34 c:/ac6/systemworkbench/plugins/fr.ac6.mcu.externaltools.arm-none.win32_1.15.0.201708311556/tools/compiler/bin/../lib/gcc/arm-none-eabi/6.3.1/../../../../arm-none-eabi/lib/thumb/v7e-m/fpv4-sp/hard\libc_nano.a(lib_a-mlock.o)
 .ARM.attributes
                0x00000d46       0x34 c:/ac6/systemworkbench/plugins/fr.ac6.mcu.externaltools.arm-none.win32_1.15.0.201708311556/tools/compiler/bin/../lib/gcc/arm-none-eabi/6.3.1/../../../../arm-none-eabi/lib/thumb/v7e-m/fpv4-sp/hard\libc_nano.a(lib_a-nano-msizer.o)
 .ARM.attributes
                0x00000d7a       0x34 c:/ac6/systemworkbench/plugins/fr.ac6.mcu.externaltools.arm-none.win32_1.15.0.201708311556/tools/compiler/bin/../lib/gcc/arm-none-eabi/6.3.1/../../../../arm-none-eabi/lib/thumb/v7e-m/fpv4-sp/hard\libc_nano.a(lib_a-reent.o)
 .ARM.attributes
                0x00000dae       0x34 c:/ac6/systemworkbench/plugins/fr.ac6.mcu.externaltools.arm-none.win32_1.15.0.201708311556/tools/compiler/bin/../lib/gcc/arm-none-eabi/6.3.1/../../../../arm-none-eabi/lib/thumb/v7e-m/fpv4-sp/hard\libnosys.a(sbrk.o)
 .ARM.attributes
                0x00000de2       0x22 c:/ac6/systemworkbench/plugins/fr.ac6.mcu.externaltools.arm-none.win32_1.15.0.201708311556/tools/compiler/bin/../lib/gcc/arm-none-eabi/6.3.1/thumb/v7e-m/fpv4-sp/hard/crtn.o
OUTPUT(shell.elf elf32-littlearm)

.debug_info     0x00000000    0x254f9
 .debug_info    0x00000000     0x11dc Drivers/STM32F4xx_HAL_Driver/Src/stm32f4xx_hal.o
 .debug_info    0x000011dc     0x175a Drivers/STM32F4xx_HAL_Driver/Src/stm32f4xx_hal_cortex.o
 .debug_info    0x00002936     0x127c Drivers/STM32F4xx_HAL_Driver/Src/stm32f4xx_hal_dma.o
 .debug_info    0x00003bb2      0xf97 Drivers/STM32F4xx_HAL_Driver/Src/stm32f4xx_hal_gpio.o
 .debug_info    0x00004b49     0x125f Drivers/STM32F4xx_HAL_Driver/Src/stm32f4xx_hal_rcc.o
 .debug_info    0x00005da8     0x3684 Drivers/STM32F4xx_HAL_Driver/Src/stm32f4xx_hal_tim.o
 .debug_info    0x0000942c     0x1b26 Drivers/STM32F4xx_HAL_Driver/Src/stm32f4xx_hal_tim_ex.o
 .debug_info    0x0000af52     0x1f1d Drivers/STM32F4xx_HAL_Driver/Src/stm32f4xx_hal_uart.o
 .debug_info    0x0000ce6f     0x2394 Middlewares/Third_Party/FreeRTOS/Source/CMSIS_RTOS/cmsis_os.o
 .debug_info    0x0000f203      0xb56 Middlewares/Third_Party/FreeRTOS/Source/list.o
 .debug_info    0x0000fd59     0x209d Middlewares/Third_Party/FreeRTOS/Source/queue.o
 .debug_info    0x00011df6     0x3045 Middlewares/Third_Party/FreeRTOS/Source/tasks.o
 .debug_info    0x00014e3b      0xdb4 Middlewares/Third_Party/FreeRTOS/Source/portable/GCC/ARM_CM4F/port.o
 .debug_info    0x00015bef      0xce4 Middlewares/Third_Party/FreeRTOS/Source/portable/MemMang/heap_4.o
 .debug_info    0x000168d3      0xed1 Middlewares/Third_Party/FreeRTOS-Plus/Source/FreeRTOS-Plus-CLI/FreeRTOS_CLI.o
 .debug_info    0x000177a4     0x156f Middlewares/Third_Party/microrl/src/microrl.o
 .debug_info    0x00018d13      0xb56 Src/freertos.o
 .debug_info    0x00019869      0xf56 Src/gcode.o
 .debug_info    0x0001a7bf      0xcd7 Src/gpio.o
 .debug_info    0x0001b496     0x1796 Src/main.o
 .debug_info    0x0001cc2c     0x1016 Src/serial.o
 .debug_info    0x0001dc42     0x18ce Src/shell-cmds.o
 .debug_info    0x0001f510      0xd3b Src/shell-core.o
 .debug_info    0x0002024b      0xc75 Src/stm32f4xx_hal_msp.o
 .debug_info    0x00020ec0     0x13d3 Src/stm32f4xx_hal_timebase_TIM.o
 .debug_info    0x00022293     0x10ad Src/stm32f4xx_it.o
 .debug_info    0x00023340      0xd30 Src/system_stm32f4xx.o
 .debug_info    0x00024070     0x1424 Src/usart.o
 .debug_info    0x00025494       0x65 startup/startup_stm32f407xx.o

.debug_abbrev   0x00000000     0x50a9
 .debug_abbrev  0x00000000      0x2e3 Drivers/STM32F4xx_HAL_Driver/Src/stm32f4xx_hal.o
 .debug_abbrev  0x000002e3      0x3d4 Drivers/STM32F4xx_HAL_Driver/Src/stm32f4xx_hal_cortex.o
 .debug_abbrev  0x000006b7      0x328 Drivers/STM32F4xx_HAL_Driver/Src/stm32f4xx_hal_dma.o
 .debug_abbrev  0x000009df      0x2a5 Drivers/STM32F4xx_HAL_Driver/Src/stm32f4xx_hal_gpio.o
 .debug_abbrev  0x00000c84      0x331 Drivers/STM32F4xx_HAL_Driver/Src/stm32f4xx_hal_rcc.o
 .debug_abbrev  0x00000fb5      0x2dc Drivers/STM32F4xx_HAL_Driver/Src/stm32f4xx_hal_tim.o
 .debug_abbrev  0x00001291      0x2dc Drivers/STM32F4xx_HAL_Driver/Src/stm32f4xx_hal_tim_ex.o
 .debug_abbrev  0x0000156d      0x342 Drivers/STM32F4xx_HAL_Driver/Src/stm32f4xx_hal_uart.o
 .debug_abbrev  0x000018af      0x3d7 Middlewares/Third_Party/FreeRTOS/Source/CMSIS_RTOS/cmsis_os.o
 .debug_abbrev  0x00001c86      0x223 Middlewares/Third_Party/FreeRTOS/Source/list.o
 .debug_abbrev  0x00001ea9      0x37f Middlewares/Third_Party/FreeRTOS/Source/queue.o
 .debug_abbrev  0x00002228      0x3dc Middlewares/Third_Party/FreeRTOS/Source/tasks.o
 .debug_abbrev  0x00002604      0x325 Middlewares/Third_Party/FreeRTOS/Source/portable/GCC/ARM_CM4F/port.o
 .debug_abbrev  0x00002929      0x31f Middlewares/Third_Party/FreeRTOS/Source/portable/MemMang/heap_4.o
 .debug_abbrev  0x00002c48      0x30c Middlewares/Third_Party/FreeRTOS-Plus/Source/FreeRTOS-Plus-CLI/FreeRTOS_CLI.o
 .debug_abbrev  0x00002f54      0x405 Middlewares/Third_Party/microrl/src/microrl.o
 .debug_abbrev  0x00003359      0x271 Src/freertos.o
 .debug_abbrev  0x000035ca      0x302 Src/gcode.o
 .debug_abbrev  0x000038cc      0x229 Src/gpio.o
 .debug_abbrev  0x00003af5      0x297 Src/main.o
 .debug_abbrev  0x00003d8c      0x261 Src/serial.o
 .debug_abbrev  0x00003fed      0x30d Src/shell-cmds.o
 .debug_abbrev  0x000042fa      0x285 Src/shell-core.o
 .debug_abbrev  0x0000457f      0x209 Src/stm32f4xx_hal_msp.o
 .debug_abbrev  0x00004788      0x295 Src/stm32f4xx_hal_timebase_TIM.o
 .debug_abbrev  0x00004a1d      0x216 Src/stm32f4xx_it.o
 .debug_abbrev  0x00004c33      0x205 Src/system_stm32f4xx.o
 .debug_abbrev  0x00004e38      0x25f Src/usart.o
 .debug_abbrev  0x00005097       0x12 startup/startup_stm32f407xx.o

.debug_loc      0x00000000     0xd7dd
 .debug_loc     0x00000000      0x108 Drivers/STM32F4xx_HAL_Driver/Src/stm32f4xx_hal.o
 .debug_loc     0x00000108      0x5ce Drivers/STM32F4xx_HAL_Driver/Src/stm32f4xx_hal_cortex.o
 .debug_loc     0x000006d6      0xae1 Drivers/STM32F4xx_HAL_Driver/Src/stm32f4xx_hal_dma.o
 .debug_loc     0x000011b7      0x3fd Drivers/STM32F4xx_HAL_Driver/Src/stm32f4xx_hal_gpio.o
 .debug_loc     0x000015b4      0x3e6 Drivers/STM32F4xx_HAL_Driver/Src/stm32f4xx_hal_rcc.o
 .debug_loc     0x0000199a     0x34bc Drivers/STM32F4xx_HAL_Driver/Src/stm32f4xx_hal_tim.o
 .debug_loc     0x00004e56      0xe78 Drivers/STM32F4xx_HAL_Driver/Src/stm32f4xx_hal_tim_ex.o
 .debug_loc     0x00005cce     0x1532 Drivers/STM32F4xx_HAL_Driver/Src/stm32f4xx_hal_uart.o
 .debug_loc     0x00007200      0xfe2 Middlewares/Third_Party/FreeRTOS/Source/CMSIS_RTOS/cmsis_os.o
 .debug_loc     0x000081e2       0x70 Middlewares/Third_Party/FreeRTOS/Source/list.o
 .debug_loc     0x00008252      0xe9e Middlewares/Third_Party/FreeRTOS/Source/queue.o
 .debug_loc     0x000090f0     0x1a69 Middlewares/Third_Party/FreeRTOS/Source/tasks.o
 .debug_loc     0x0000ab59      0x104 Middlewares/Third_Party/FreeRTOS/Source/portable/GCC/ARM_CM4F/port.o
 .debug_loc     0x0000ac5d      0x291 Middlewares/Third_Party/FreeRTOS/Source/portable/MemMang/heap_4.o
 .debug_loc     0x0000aeee      0x422 Middlewares/Third_Party/FreeRTOS-Plus/Source/FreeRTOS-Plus-CLI/FreeRTOS_CLI.o
 .debug_loc     0x0000b310      0xa6f Middlewares/Third_Party/microrl/src/microrl.o
 .debug_loc     0x0000bd7f       0x42 Src/freertos.o
 .debug_loc     0x0000bdc1      0xe98 Src/gcode.o
 .debug_loc     0x0000cc59       0x3a Src/main.o
 .debug_loc     0x0000cc93       0xf9 Src/serial.o
 .debug_loc     0x0000cd8c      0x7c8 Src/shell-cmds.o
 .debug_loc     0x0000d554       0x7b Src/shell-core.o
 .debug_loc     0x0000d5cf       0x6a Src/stm32f4xx_hal_timebase_TIM.o
 .debug_loc     0x0000d639      0x13e Src/system_stm32f4xx.o
 .debug_loc     0x0000d777       0x66 Src/usart.o

.debug_aranges  0x00000000     0x12b0
 .debug_aranges
                0x00000000       0xe0 Drivers/STM32F4xx_HAL_Driver/Src/stm32f4xx_hal.o
 .debug_aranges
                0x000000e0       0xa8 Drivers/STM32F4xx_HAL_Driver/Src/stm32f4xx_hal_cortex.o
 .debug_aranges
                0x00000188       0x90 Drivers/STM32F4xx_HAL_Driver/Src/stm32f4xx_hal_dma.o
 .debug_aranges
                0x00000218       0x58 Drivers/STM32F4xx_HAL_Driver/Src/stm32f4xx_hal_gpio.o
 .debug_aranges
                0x00000270       0x88 Drivers/STM32F4xx_HAL_Driver/Src/stm32f4xx_hal_rcc.o
 .debug_aranges
                0x000002f8      0x368 Drivers/STM32F4xx_HAL_Driver/Src/stm32f4xx_hal_tim.o
 .debug_aranges
                0x00000660      0x140 Drivers/STM32F4xx_HAL_Driver/Src/stm32f4xx_hal_tim_ex.o
 .debug_aranges
                0x000007a0      0x1d0 Drivers/STM32F4xx_HAL_Driver/Src/stm32f4xx_hal_uart.o
 .debug_aranges
                0x00000970      0x1d8 Middlewares/Third_Party/FreeRTOS/Source/CMSIS_RTOS/cmsis_os.o
 .debug_aranges
                0x00000b48       0x40 Middlewares/Third_Party/FreeRTOS/Source/list.o
 .debug_aranges
                0x00000b88       0xf8 Middlewares/Third_Party/FreeRTOS/Source/queue.o
 .debug_aranges
                0x00000c80      0x1d8 Middlewares/Third_Party/FreeRTOS/Source/tasks.o
 .debug_aranges
                0x00000e58       0x80 Middlewares/Third_Party/FreeRTOS/Source/portable/GCC/ARM_CM4F/port.o
 .debug_aranges
                0x00000ed8       0x50 Middlewares/Third_Party/FreeRTOS/Source/portable/MemMang/heap_4.o
 .debug_aranges
                0x00000f28       0x50 Middlewares/Third_Party/FreeRTOS-Plus/Source/FreeRTOS-Plus-CLI/FreeRTOS_CLI.o
 .debug_aranges
                0x00000f78       0xa0 Middlewares/Third_Party/microrl/src/microrl.o
 .debug_aranges
                0x00001018       0x30 Src/freertos.o
 .debug_aranges
                0x00001048       0x38 Src/gcode.o
 .debug_aranges
                0x00001080       0x20 Src/gpio.o
 .debug_aranges
                0x000010a0       0x38 Src/main.o
 .debug_aranges
                0x000010d8       0x40 Src/serial.o
 .debug_aranges
                0x00001118       0x58 Src/shell-cmds.o
 .debug_aranges
                0x00001170       0x40 Src/shell-core.o
 .debug_aranges
                0x000011b0       0x20 Src/stm32f4xx_hal_msp.o
 .debug_aranges
                0x000011d0       0x30 Src/stm32f4xx_hal_timebase_TIM.o
 .debug_aranges
                0x00001200       0x30 Src/stm32f4xx_it.o
 .debug_aranges
                0x00001230       0x28 Src/system_stm32f4xx.o
 .debug_aranges
                0x00001258       0x30 Src/usart.o
 .debug_aranges
                0x00001288       0x28 startup/startup_stm32f407xx.o

.debug_ranges   0x00000000     0x1328
 .debug_ranges  0x00000000       0xd0 Drivers/STM32F4xx_HAL_Driver/Src/stm32f4xx_hal.o
 .debug_ranges  0x000000d0       0xf8 Drivers/STM32F4xx_HAL_Driver/Src/stm32f4xx_hal_cortex.o
 .debug_ranges  0x000001c8       0x80 Drivers/STM32F4xx_HAL_Driver/Src/stm32f4xx_hal_dma.o
 .debug_ranges  0x00000248       0x48 Drivers/STM32F4xx_HAL_Driver/Src/stm32f4xx_hal_gpio.o
 .debug_ranges  0x00000290       0x90 Drivers/STM32F4xx_HAL_Driver/Src/stm32f4xx_hal_rcc.o
 .debug_ranges  0x00000320      0x358 Drivers/STM32F4xx_HAL_Driver/Src/stm32f4xx_hal_tim.o
 .debug_ranges  0x00000678      0x130 Drivers/STM32F4xx_HAL_Driver/Src/stm32f4xx_hal_tim_ex.o
 .debug_ranges  0x000007a8      0x1c0 Drivers/STM32F4xx_HAL_Driver/Src/stm32f4xx_hal_uart.o
 .debug_ranges  0x00000968      0x1c8 Middlewares/Third_Party/FreeRTOS/Source/CMSIS_RTOS/cmsis_os.o
 .debug_ranges  0x00000b30       0x30 Middlewares/Third_Party/FreeRTOS/Source/list.o
 .debug_ranges  0x00000b60      0x198 Middlewares/Third_Party/FreeRTOS/Source/queue.o
 .debug_ranges  0x00000cf8      0x280 Middlewares/Third_Party/FreeRTOS/Source/tasks.o
 .debug_ranges  0x00000f78       0x88 Middlewares/Third_Party/FreeRTOS/Source/portable/GCC/ARM_CM4F/port.o
 .debug_ranges  0x00001000       0x40 Middlewares/Third_Party/FreeRTOS/Source/portable/MemMang/heap_4.o
 .debug_ranges  0x00001040       0x40 Middlewares/Third_Party/FreeRTOS-Plus/Source/FreeRTOS-Plus-CLI/FreeRTOS_CLI.o
 .debug_ranges  0x00001080       0x90 Middlewares/Third_Party/microrl/src/microrl.o
 .debug_ranges  0x00001110       0x20 Src/freertos.o
 .debug_ranges  0x00001130       0x70 Src/gcode.o
 .debug_ranges  0x000011a0       0x10 Src/gpio.o
 .debug_ranges  0x000011b0       0x28 Src/main.o
 .debug_ranges  0x000011d8       0x30 Src/serial.o
 .debug_ranges  0x00001208       0x48 Src/shell-cmds.o
 .debug_ranges  0x00001250       0x30 Src/shell-core.o
 .debug_ranges  0x00001280       0x10 Src/stm32f4xx_hal_msp.o
 .debug_ranges  0x00001290       0x20 Src/stm32f4xx_hal_timebase_TIM.o
 .debug_ranges  0x000012b0       0x20 Src/stm32f4xx_it.o
 .debug_ranges  0x000012d0       0x18 Src/system_stm32f4xx.o
 .debug_ranges  0x000012e8       0x20 Src/usart.o
 .debug_ranges  0x00001308       0x20 startup/startup_stm32f407xx.o

.debug_macro    0x00000000    0x264de
 .debug_macro   0x00000000      0x37e Drivers/STM32F4xx_HAL_Driver/Src/stm32f4xx_hal.o
 .debug_macro   0x0000037e      0x8bc Drivers/STM32F4xx_HAL_Driver/Src/stm32f4xx_hal.o
 .debug_macro   0x00000c3a       0x3a Drivers/STM32F4xx_HAL_Driver/Src/stm32f4xx_hal.o
 .debug_macro   0x00000c74      0x180 Drivers/STM32F4xx_HAL_Driver/Src/stm32f4xx_hal.o
 .debug_macro   0x00000df4       0x32 Drivers/STM32F4xx_HAL_Driver/Src/stm32f4xx_hal.o
 .debug_macro   0x00000e26       0x2f Drivers/STM32F4xx_HAL_Driver/Src/stm32f4xx_hal.o
 .debug_macro   0x00000e55       0x22 Drivers/STM32F4xx_HAL_Driver/Src/stm32f4xx_hal.o
 .debug_macro   0x00000e77       0x87 Drivers/STM32F4xx_HAL_Driver/Src/stm32f4xx_hal.o
 .debug_macro   0x00000efe       0x51 Drivers/STM32F4xx_HAL_Driver/Src/stm32f4xx_hal.o
 .debug_macro   0x00000f4f       0xef Drivers/STM32F4xx_HAL_Driver/Src/stm32f4xx_hal.o
 .debug_macro   0x0000103e       0x6a Drivers/STM32F4xx_HAL_Driver/Src/stm32f4xx_hal.o
 .debug_macro   0x000010a8      0x1df Drivers/STM32F4xx_HAL_Driver/Src/stm32f4xx_hal.o
 .debug_macro   0x00001287       0x35 Drivers/STM32F4xx_HAL_Driver/Src/stm32f4xx_hal.o
 .debug_macro   0x000012bc       0x50 Drivers/STM32F4xx_HAL_Driver/Src/stm32f4xx_hal.o
 .debug_macro   0x0000130c      0xe66 Drivers/STM32F4xx_HAL_Driver/Src/stm32f4xx_hal.o
 .debug_macro   0x00002172    0x15d08 Drivers/STM32F4xx_HAL_Driver/Src/stm32f4xx_hal.o
 .debug_macro   0x00017e7a       0x43 Drivers/STM32F4xx_HAL_Driver/Src/stm32f4xx_hal.o
 .debug_macro   0x00017ebd     0x3535 Drivers/STM32F4xx_HAL_Driver/Src/stm32f4xx_hal.o
 .debug_macro   0x0001b3f2       0x58 Drivers/STM32F4xx_HAL_Driver/Src/stm32f4xx_hal.o
 .debug_macro   0x0001b44a       0x35 Drivers/STM32F4xx_HAL_Driver/Src/stm32f4xx_hal.o
 .debug_macro   0x0001b47f       0x9c Drivers/STM32F4xx_HAL_Driver/Src/stm32f4xx_hal.o
 .debug_macro   0x0001b51b       0x16 Drivers/STM32F4xx_HAL_Driver/Src/stm32f4xx_hal.o
 .debug_macro   0x0001b531       0x97 Drivers/STM32F4xx_HAL_Driver/Src/stm32f4xx_hal.o
 .debug_macro   0x0001b5c8      0x330 Drivers/STM32F4xx_HAL_Driver/Src/stm32f4xx_hal.o
 .debug_macro   0x0001b8f8       0xfd Drivers/STM32F4xx_HAL_Driver/Src/stm32f4xx_hal.o
 .debug_macro   0x0001b9f5       0x10 Drivers/STM32F4xx_HAL_Driver/Src/stm32f4xx_hal.o
 .debug_macro   0x0001ba05       0x58 Drivers/STM32F4xx_HAL_Driver/Src/stm32f4xx_hal.o
 .debug_macro   0x0001ba5d       0x1f Drivers/STM32F4xx_HAL_Driver/Src/stm32f4xx_hal.o
 .debug_macro   0x0001ba7c       0x43 Drivers/STM32F4xx_HAL_Driver/Src/stm32f4xx_hal.o
 .debug_macro   0x0001babf       0x20 Drivers/STM32F4xx_HAL_Driver/Src/stm32f4xx_hal.o
 .debug_macro   0x0001badf      0x187 Drivers/STM32F4xx_HAL_Driver/Src/stm32f4xx_hal.o
 .debug_macro   0x0001bc66       0x10 Drivers/STM32F4xx_HAL_Driver/Src/stm32f4xx_hal.o
 .debug_macro   0x0001bc76       0x1c Drivers/STM32F4xx_HAL_Driver/Src/stm32f4xx_hal.o
 .debug_macro   0x0001bc92       0x52 Drivers/STM32F4xx_HAL_Driver/Src/stm32f4xx_hal.o
 .debug_macro   0x0001bce4       0x40 Drivers/STM32F4xx_HAL_Driver/Src/stm32f4xx_hal.o
 .debug_macro   0x0001bd24       0x10 Drivers/STM32F4xx_HAL_Driver/Src/stm32f4xx_hal.o
 .debug_macro   0x0001bd34       0x40 Drivers/STM32F4xx_HAL_Driver/Src/stm32f4xx_hal.o